Sep  4 17:28:06 ahjicha-VirtualBox rsyslogd: [origin software="rsyslogd" swVersion="8.16.0" x-pid="1379" x-info="http://www.rsyslog.com"] start
Sep  4 17:28:06 ahjicha-VirtualBox rsyslogd-2222: command 'KLogPermitNonKernelFacility' is currently not permitted - did you already set it via a RainerScript command (v6+ config)? [v8.16.0 try http://www.rsyslog.com/e/2222 ]
Sep  4 17:28:06 ahjicha-VirtualBox rsyslogd: rsyslogd's groupid changed to 108
Sep  4 17:28:06 ahjicha-VirtualBox rsyslogd: rsyslogd's userid changed to 104
Sep  4 17:28:06 ahjicha-VirtualBox rsyslogd-2039: Could not open output pipe '/dev/xconsole':: No such file or directory [v8.16.0 try http://www.rsyslog.com/e/2039 ]
Sep  4 17:28:06 ahjicha-VirtualBox rsyslogd-2007: action 'action 10' suspended, next retry is Tue Sep  4 17:28:36 2018 [v8.16.0 try http://www.rsyslog.com/e/2007 ]
Sep  4 17:28:06 ahjicha-VirtualBox kernel: [    0.000000] Initializing cgroup subsys cpuset
Sep  4 17:28:06 ahjicha-VirtualBox kernel: [    0.000000] Initializing cgroup subsys cpu
Sep  4 17:28:06 ahjicha-VirtualBox kernel: [    0.000000] Initializing cgroup subsys cpuacct
Sep  4 17:28:06 ahjicha-VirtualBox kernel: [    0.000000] Linux version 4.4.0-31-generic (buildd@lgw01-58) (gcc version 5.3.1 20160413 (Ubuntu 5.3.1-14ubuntu2.1) ) #50-Ubuntu SMP Wed Jul 13 00:06:14 UTC 2016 (Ubuntu 4.4.0-31.50-generic 4.4.13)
Sep  4 17:28:06 ahjicha-VirtualBox kernel: [    0.000000] KERNEL supported cpus:
Sep  4 17:28:06 ahjicha-VirtualBox kernel: [    0.000000]   Intel GenuineIntel
Sep  4 17:28:06 ahjicha-VirtualBox kernel: [    0.000000]   AMD AuthenticAMD
Sep  4 17:28:06 ahjicha-VirtualBox kernel: [    0.000000]   NSC Geode by NSC
Sep  4 17:28:06 ahjicha-VirtualBox kernel: [    0.000000]   Cyrix CyrixInstead
Sep  4 17:28:06 ahjicha-VirtualBox kernel: [    0.000000]   Centaur CentaurHauls
Sep  4 17:28:06 ahjicha-VirtualBox kernel: [    0.000000]   Transmeta GenuineTMx86
Sep  4 17:28:06 ahjicha-VirtualBox kernel: [    0.000000]   Transmeta TransmetaCPU
Sep  4 17:28:06 ahjicha-VirtualBox kernel: [    0.000000]   UMC UMC UMC UMC
Sep  4 17:28:06 ahjicha-VirtualBox kernel: [    0.000000] x86/fpu: xstate_offset[2]:  576, xstate_sizes[2]:  256
Sep  4 17:28:06 ahjicha-VirtualBox kernel: [    0.000000] x86/fpu: Supporting XSAVE feature 0x01: 'x87 floating point registers'
Sep  4 17:28:06 ahjicha-VirtualBox kernel: [    0.000000] x86/fpu: Supporting XSAVE feature 0x02: 'SSE registers'
Sep  4 17:28:06 ahjicha-VirtualBox kernel: [    0.000000] x86/fpu: Supporting XSAVE feature 0x04: 'AVX registers'
Sep  4 17:28:06 ahjicha-VirtualBox kernel: [    0.000000] x86/fpu: Enabled xstate features 0x7, context size is 832 bytes, using 'standard' format.
Sep  4 17:28:06 ahjicha-VirtualBox kernel: [    0.000000] x86/fpu: Using 'lazy' FPU context switches.
Sep  4 17:28:06 ahjicha-VirtualBox kernel: [    0.000000] e820: BIOS-provided physical RAM map:
Sep  4 17:28:06 ahjicha-VirtualBox kernel: [    0.000000] BIOS-e820: [mem 0x0000000000000000-0x000000000009fbff] usable
Sep  4 17:28:06 ahjicha-VirtualBox kernel: [    0.000000] BIOS-e820: [mem 0x000000000009fc00-0x000000000009ffff] reserved
Sep  4 17:28:06 ahjicha-VirtualBox kernel: [    0.000000] BIOS-e820: [mem 0x00000000000f0000-0x00000000000fffff] reserved
Sep  4 17:28:06 ahjicha-VirtualBox kernel: [    0.000000] BIOS-e820: [mem 0x0000000000100000-0x00000000dffeffff] usable
Sep  4 17:28:06 ahjicha-VirtualBox kernel: [    0.000000] BIOS-e820: [mem 0x00000000dfff0000-0x00000000dfffffff] ACPI data
Sep  4 17:28:06 ahjicha-VirtualBox kernel: [    0.000000] BIOS-e820: [mem 0x00000000fec00000-0x00000000fec00fff] reserved
Sep  4 17:28:06 ahjicha-VirtualBox kernel: [    0.000000] BIOS-e820: [mem 0x00000000fee00000-0x00000000fee00fff] reserved
Sep  4 17:28:06 ahjicha-VirtualBox kernel: [    0.000000] BIOS-e820: [mem 0x00000000fffc0000-0x00000000ffffffff] reserved
Sep  4 17:28:06 ahjicha-VirtualBox kernel: [    0.000000] BIOS-e820: [mem 0x0000000100000000-0x000000011fffffff] usable
Sep  4 17:28:06 ahjicha-VirtualBox kernel: [    0.000000] NX (Execute Disable) protection: active
Sep  4 17:28:06 ahjicha-VirtualBox kernel: [    0.000000] SMBIOS 2.5 present.
Sep  4 17:28:06 ahjicha-VirtualBox kernel: [    0.000000] DMI: innotek GmbH VirtualBox/VirtualBox, BIOS VirtualBox 12/01/2006
Sep  4 17:28:06 ahjicha-VirtualBox kernel: [    0.000000] Hypervisor detected: KVM
Sep  4 17:28:06 ahjicha-VirtualBox kernel: [    0.000000] e820: update [mem 0x00000000-0x00000fff] usable ==> reserved
Sep  4 17:28:06 ahjicha-VirtualBox kernel: [    0.000000] e820: remove [mem 0x000a0000-0x000fffff] usable
Sep  4 17:28:06 ahjicha-VirtualBox kernel: [    0.000000] e820: last_pfn = 0x120000 max_arch_pfn = 0x1000000
Sep  4 17:28:06 ahjicha-VirtualBox kernel: [    0.000000] MTRR default type: uncachable
Sep  4 17:28:06 ahjicha-VirtualBox kernel: [    0.000000] MTRR variable ranges disabled:
Sep  4 17:28:06 ahjicha-VirtualBox kernel: [    0.000000] x86/PAT: Configuration [0-7]: WB  WC  UC- UC  WB  WC  UC- WT  
Sep  4 17:28:06 ahjicha-VirtualBox kernel: [    0.000000] MTRR: Disabled
Sep  4 17:28:06 ahjicha-VirtualBox kernel: [    0.000000] CPU MTRRs all blank - virtualized system.
Sep  4 17:28:06 ahjicha-VirtualBox kernel: [    0.000000] Scanning 1 areas for low memory corruption
Sep  4 17:28:06 ahjicha-VirtualBox kernel: [    0.000000] initial memory mapped: [mem 0x00000000-0x021fffff]
Sep  4 17:28:06 ahjicha-VirtualBox kernel: [    0.000000] Base memory trampoline at [c009b000] 9b000 size 16384
Sep  4 17:28:06 ahjicha-VirtualBox kernel: [    0.000000] BRK [0x01d54000, 0x01d54fff] PGTABLE
Sep  4 17:28:06 ahjicha-VirtualBox kernel: [    0.000000] BRK [0x01d55000, 0x01d55fff] PGTABLE
Sep  4 17:28:06 ahjicha-VirtualBox kernel: [    0.000000] RAMDISK: [mem 0x33ce0000-0x35e67fff]
Sep  4 17:28:06 ahjicha-VirtualBox kernel: [    0.000000] ACPI: Early table checksum verification disabled
Sep  4 17:28:06 ahjicha-VirtualBox kernel: [    0.000000] ACPI: RSDP 0x00000000000E0000 000024 (v02 VBOX  )
Sep  4 17:28:06 ahjicha-VirtualBox kernel: [    0.000000] ACPI: XSDT 0x00000000DFFF0030 000034 (v01 VBOX   VBOXXSDT 00000001 ASL  00000061)
Sep  4 17:28:06 ahjicha-VirtualBox kernel: [    0.000000] ACPI: FACP 0x00000000DFFF00F0 0000F4 (v04 VBOX   VBOXFACP 00000001 ASL  00000061)
Sep  4 17:28:06 ahjicha-VirtualBox kernel: [    0.000000] ACPI: DSDT 0x00000000DFFF0410 0021FF (v02 VBOX   VBOXBIOS 00000002 INTL 20100528)
Sep  4 17:28:06 ahjicha-VirtualBox kernel: [    0.000000] ACPI: FACS 0x00000000DFFF0200 000040
Sep  4 17:28:06 ahjicha-VirtualBox kernel: [    0.000000] ACPI: FACS 0x00000000DFFF0200 000040
Sep  4 17:28:06 ahjicha-VirtualBox kernel: [    0.000000] ACPI: SSDT 0x00000000DFFF0240 0001CC (v01 VBOX   VBOXCPUT 00000002 INTL 20100528)
Sep  4 17:28:06 ahjicha-VirtualBox kernel: [    0.000000] 3716MB HIGHMEM available.
Sep  4 17:28:06 ahjicha-VirtualBox kernel: [    0.000000] 891MB LOWMEM available.
Sep  4 17:28:06 ahjicha-VirtualBox kernel: [    0.000000]   mapped low ram: 0 - 37bfe000
Sep  4 17:28:06 ahjicha-VirtualBox kernel: [    0.000000]   low ram: 0 - 37bfe000
Sep  4 17:28:06 ahjicha-VirtualBox kernel: [    0.000000] kvm-clock: Using msrs 4b564d01 and 4b564d00
Sep  4 17:28:06 ahjicha-VirtualBox kernel: [    0.000000] kvm-clock: cpu 0, msr 0:37bfd001, primary cpu clock
Sep  4 17:28:06 ahjicha-VirtualBox kernel: [    0.000000] kvm-clock: using sched offset of 601267052913 cycles
Sep  4 17:28:06 ahjicha-VirtualBox kernel: [    0.000000] clocksource: kvm-clock: mask: 0xffffffffffffffff max_cycles: 0x1cd42e4dffb, max_idle_ns: 881590591483 ns
Sep  4 17:28:06 ahjicha-VirtualBox kernel: [    0.000000] Zone ranges:
Sep  4 17:28:06 ahjicha-VirtualBox kernel: [    0.000000]   DMA      [mem 0x0000000000001000-0x0000000000ffffff]
Sep  4 17:28:06 ahjicha-VirtualBox kernel: [    0.000000]   Normal   [mem 0x0000000001000000-0x0000000037bfdfff]
Sep  4 17:28:06 ahjicha-VirtualBox kernel: [    0.000000]   HighMem  [mem 0x0000000037bfe000-0x000000011fffffff]
Sep  4 17:28:06 ahjicha-VirtualBox kernel: [    0.000000] Movable zone start for each node
Sep  4 17:28:06 ahjicha-VirtualBox kernel: [    0.000000] Early memory node ranges
Sep  4 17:28:06 ahjicha-VirtualBox kernel: [    0.000000]   node   0: [mem 0x0000000000001000-0x000000000009efff]
Sep  4 17:28:06 ahjicha-VirtualBox kernel: [    0.000000]   node   0: [mem 0x0000000000100000-0x00000000dffeffff]
Sep  4 17:28:06 ahjicha-VirtualBox kernel: [    0.000000]   node   0: [mem 0x0000000100000000-0x000000011fffffff]
Sep  4 17:28:06 ahjicha-VirtualBox kernel: [    0.000000] Initmem setup node 0 [mem 0x0000000000001000-0x000000011fffffff]
Sep  4 17:28:06 ahjicha-VirtualBox kernel: [    0.000000] On node 0 totalpages: 1048462
Sep  4 17:28:06 ahjicha-VirtualBox kernel: [    0.000000]   DMA zone: 40 pages used for memmap
Sep  4 17:28:06 ahjicha-VirtualBox kernel: [    0.000000]   DMA zone: 0 pages reserved
Sep  4 17:28:06 ahjicha-VirtualBox kernel: [    0.000000]   DMA zone: 3998 pages, LIFO batch:0
Sep  4 17:28:06 ahjicha-VirtualBox kernel: [    0.000000]   Normal zone: 2190 pages used for memmap
Sep  4 17:28:06 ahjicha-VirtualBox kernel: [    0.000000]   Normal zone: 224254 pages, LIFO batch:31
Sep  4 17:28:06 ahjicha-VirtualBox kernel: [    0.000000]   HighMem zone: 820210 pages, LIFO batch:31
Sep  4 17:28:06 ahjicha-VirtualBox kernel: [    0.000000] Using APIC driver default
Sep  4 17:28:06 ahjicha-VirtualBox kernel: [    0.000000] ACPI: PM-Timer IO Port: 0x4008
Sep  4 17:28:06 ahjicha-VirtualBox kernel: [    0.000000] smpboot: Allowing 1 CPUs, 0 hotplug CPUs
Sep  4 17:28:06 ahjicha-VirtualBox kernel: [    0.000000] Found and enabled local APIC!
Sep  4 17:28:06 ahjicha-VirtualBox kernel: [    0.000000] PM: Registered nosave memory: [mem 0x00000000-0x00000fff]
Sep  4 17:28:06 ahjicha-VirtualBox kernel: [    0.000000] PM: Registered nosave memory: [mem 0x0009f000-0x0009ffff]
Sep  4 17:28:06 ahjicha-VirtualBox kernel: [    0.000000] PM: Registered nosave memory: [mem 0x000a0000-0x000effff]
Sep  4 17:28:06 ahjicha-VirtualBox kernel: [    0.000000] PM: Registered nosave memory: [mem 0x000f0000-0x000fffff]
Sep  4 17:28:06 ahjicha-VirtualBox kernel: [    0.000000] e820: [mem 0xe0000000-0xfebfffff] available for PCI devices
Sep  4 17:28:06 ahjicha-VirtualBox kernel: [    0.000000] Booting paravirtualized kernel on KVM
Sep  4 17:28:06 ahjicha-VirtualBox kernel: [    0.000000] clocksource: refined-jiffies: mask: 0xffffffff max_cycles: 0xffffffff, max_idle_ns: 7645519600211568 ns
Sep  4 17:28:06 ahjicha-VirtualBox kernel: [    0.000000] setup_percpu: NR_CPUS:8 nr_cpumask_bits:8 nr_cpu_ids:1 nr_node_ids:1
Sep  4 17:28:06 ahjicha-VirtualBox kernel: [    0.000000] PERCPU: Embedded 19 pages/cpu @f62c3000 s47436 r0 d30388 u77824
Sep  4 17:28:06 ahjicha-VirtualBox kernel: [    0.000000] pcpu-alloc: s47436 r0 d30388 u77824 alloc=19*4096
Sep  4 17:28:06 ahjicha-VirtualBox kernel: [    0.000000] pcpu-alloc: [0] 0 
Sep  4 17:28:06 ahjicha-VirtualBox kernel: [    0.000000] PV qspinlock hash table entries: 512 (order: 0, 4096 bytes)
Sep  4 17:28:06 ahjicha-VirtualBox kernel: [    0.000000] Built 1 zonelists in Zone order, mobility grouping on.  Total pages: 1046232
Sep  4 17:28:06 ahjicha-VirtualBox kernel: [    0.000000] Kernel command line: BOOT_IMAGE=/boot/vmlinuz-4.4.0-31-generic root=UUID=a8193505-e700-4f23-a86b-d8819b9e372f ro quiet splash
Sep  4 17:28:06 ahjicha-VirtualBox kernel: [    0.000000] PID hash table entries: 4096 (order: 2, 16384 bytes)
Sep  4 17:28:06 ahjicha-VirtualBox kernel: [    0.000000] Dentry cache hash table entries: 131072 (order: 7, 524288 bytes)
Sep  4 17:28:06 ahjicha-VirtualBox kernel: [    0.000000] Inode-cache hash table entries: 65536 (order: 6, 262144 bytes)
Sep  4 17:28:06 ahjicha-VirtualBox kernel: [    0.000000] Initializing CPU#0
Sep  4 17:28:06 ahjicha-VirtualBox kernel: [    0.000000] Initializing HighMem for node 0 (00037bfe:00120000)
Sep  4 17:28:06 ahjicha-VirtualBox kernel: [    0.000000] Initializing Movable for node 0 (00000000:00000000)
Sep  4 17:28:06 ahjicha-VirtualBox kernel: [    0.000000] Memory: 4103784K/4193848K available (7887K kernel code, 767K rwdata, 3132K rodata, 948K init, 800K bss, 90064K reserved, 0K cma-reserved, 3280840K highmem)
Sep  4 17:28:06 ahjicha-VirtualBox kernel: [    0.000000] virtual kernel memory layout:
Sep  4 17:28:06 ahjicha-VirtualBox kernel: [    0.000000]     fixmap  : 0xfff15000 - 0xfffff000   ( 936 kB)
Sep  4 17:28:06 ahjicha-VirtualBox kernel: [    0.000000]     pkmap   : 0xffc00000 - 0xffe00000   (2048 kB)
Sep  4 17:28:06 ahjicha-VirtualBox kernel: [    0.000000]     vmalloc : 0xf83fe000 - 0xffbfe000   ( 120 MB)
Sep  4 17:28:06 ahjicha-VirtualBox kernel: [    0.000000]     lowmem  : 0xc0000000 - 0xf7bfe000   ( 891 MB)
Sep  4 17:28:06 ahjicha-VirtualBox kernel: [    0.000000]       .init : 0xc1b86000 - 0xc1c73000   ( 948 kB)
Sep  4 17:28:06 ahjicha-VirtualBox kernel: [    0.000000]       .data : 0xc17b41d3 - 0xc1b84d00   (3906 kB)
Sep  4 17:28:06 ahjicha-VirtualBox kernel: [    0.000000]       .text : 0xc1000000 - 0xc17b41d3   (7888 kB)
Sep  4 17:28:06 ahjicha-VirtualBox kernel: [    0.000000] Checking if this processor honours the WP bit even in supervisor mode...Ok.
Sep  4 17:28:06 ahjicha-VirtualBox kernel: [    0.000000] SLUB: HWalign=64, Order=0-3, MinObjects=0, CPUs=1, Nodes=1
Sep  4 17:28:06 ahjicha-VirtualBox kernel: [    0.000000] Hierarchical RCU implementation.
Sep  4 17:28:06 ahjicha-VirtualBox kernel: [    0.000000] 	Build-time adjustment of leaf fanout to 32.
Sep  4 17:28:06 ahjicha-VirtualBox kernel: [    0.000000] 	RCU restricting CPUs from NR_CPUS=8 to nr_cpu_ids=1.
Sep  4 17:28:06 ahjicha-VirtualBox kernel: [    0.000000] RCU: Adjusting geometry for rcu_fanout_leaf=32, nr_cpu_ids=1
Sep  4 17:28:06 ahjicha-VirtualBox kernel: [    0.000000] NR_IRQS:2304 nr_irqs:32 16
Sep  4 17:28:06 ahjicha-VirtualBox kernel: [    0.000000] CPU 0 irqstacks, hard=f2834000 soft=f2836000
Sep  4 17:28:06 ahjicha-VirtualBox kernel: [    0.000000] Console: colour VGA+ 80x25
Sep  4 17:28:06 ahjicha-VirtualBox kernel: [    0.000000] console [tty0] enabled
Sep  4 17:28:06 ahjicha-VirtualBox kernel: [    0.000000] allocated 4194304 bytes of page_ext
Sep  4 17:28:06 ahjicha-VirtualBox kernel: [    0.000000] tsc: Detected 2808.002 MHz processor
Sep  4 17:28:06 ahjicha-VirtualBox kernel: [    0.132552] Calibrating delay loop (skipped) preset value.. 5616.00 BogoMIPS (lpj=11232008)
Sep  4 17:28:06 ahjicha-VirtualBox kernel: [    0.132555] pid_max: default: 32768 minimum: 301
Sep  4 17:28:06 ahjicha-VirtualBox kernel: [    0.132559] ACPI: Core revision 20150930
Sep  4 17:28:06 ahjicha-VirtualBox kernel: [    0.133489] ACPI: 2 ACPI AML tables successfully acquired and loaded
Sep  4 17:28:06 ahjicha-VirtualBox kernel: [    0.133496] ACPI: setting ELCR to 0200 (from 0e00)
Sep  4 17:28:06 ahjicha-VirtualBox kernel: [    0.133509] Security Framework initialized
Sep  4 17:28:06 ahjicha-VirtualBox kernel: [    0.133510] Yama: becoming mindful.
Sep  4 17:28:06 ahjicha-VirtualBox kernel: [    0.133520] AppArmor: AppArmor initialized
Sep  4 17:28:06 ahjicha-VirtualBox kernel: [    0.133543] Mount-cache hash table entries: 2048 (order: 1, 8192 bytes)
Sep  4 17:28:06 ahjicha-VirtualBox kernel: [    0.133545] Mountpoint-cache hash table entries: 2048 (order: 1, 8192 bytes)
Sep  4 17:28:06 ahjicha-VirtualBox kernel: [    0.133684] Initializing cgroup subsys io
Sep  4 17:28:06 ahjicha-VirtualBox kernel: [    0.133686] Initializing cgroup subsys memory
Sep  4 17:28:06 ahjicha-VirtualBox kernel: [    0.133690] Initializing cgroup subsys devices
Sep  4 17:28:06 ahjicha-VirtualBox kernel: [    0.133691] Initializing cgroup subsys freezer
Sep  4 17:28:06 ahjicha-VirtualBox systemd-modules-load[571]: Inserted module 'lp'
Sep  4 17:28:06 ahjicha-VirtualBox systemd-modules-load[571]: Inserted module 'ppdev'
Sep  4 17:28:06 ahjicha-VirtualBox systemd-modules-load[571]: Inserted module 'parport_pc'
Sep  4 17:28:06 ahjicha-VirtualBox systemd[1]: Started Load Kernel Modules.
Sep  4 17:28:06 ahjicha-VirtualBox loadkeys[570]: Loading /etc/console-setup/cached.kmap.gz
Sep  4 17:28:06 ahjicha-VirtualBox systemd[1]: Started Set console keymap.
Sep  4 17:28:06 ahjicha-VirtualBox systemd[1]: Mounting FUSE Control File System...
Sep  4 17:28:06 ahjicha-VirtualBox systemd[1]: Starting Apply Kernel Variables...
Sep  4 17:28:06 ahjicha-VirtualBox systemd[1]: Starting Create Static Device Nodes in /dev...
Sep  4 17:28:06 ahjicha-VirtualBox systemd[1]: Mounted FUSE Control File System.
Sep  4 17:28:06 ahjicha-VirtualBox systemd[1]: Started Apply Kernel Variables.
Sep  4 17:28:06 ahjicha-VirtualBox systemd[1]: Started Create Static Device Nodes in /dev.
Sep  4 17:28:06 ahjicha-VirtualBox systemd[1]: Starting udev Kernel Device Manager...
Sep  4 17:28:06 ahjicha-VirtualBox systemd[1]: Started udev Kernel Device Manager.
Sep  4 17:28:06 ahjicha-VirtualBox systemd[1]: Starting Remount Root and Kernel File Systems...
Sep  4 17:28:06 ahjicha-VirtualBox systemd[1]: Started Remount Root and Kernel File Systems.
Sep  4 17:28:06 ahjicha-VirtualBox systemd[1]: Starting Load/Save Random Seed...
Sep  4 17:28:06 ahjicha-VirtualBox systemd[1]: Reached target Local File Systems (Pre).
Sep  4 17:28:06 ahjicha-VirtualBox systemd[1]: Starting Flush Journal to Persistent Storage...
Sep  4 17:28:06 ahjicha-VirtualBox systemd[1]: Reached target Local File Systems.
Sep  4 17:28:06 ahjicha-VirtualBox systemd[1]: Starting Set console font and keymap...
Sep  4 17:28:06 ahjicha-VirtualBox systemd[1]: Starting Clean up any mess left by 0dns-up...
Sep  4 17:28:06 ahjicha-VirtualBox systemd[1]: Starting Tell Plymouth To Write Out Runtime Data...
Sep  4 17:28:06 ahjicha-VirtualBox systemd[1]: Starting LSB: AppArmor initialization...
Sep  4 17:28:06 ahjicha-VirtualBox systemd[1]: Starting Commit a transient machine-id on disk...
Sep  4 17:28:06 ahjicha-VirtualBox systemd[1]: Starting udev Coldplug all Devices...
Sep  4 17:28:06 ahjicha-VirtualBox systemd[1]: Started Load/Save Random Seed.
Sep  4 17:28:06 ahjicha-VirtualBox systemd[1]: Started Tell Plymouth To Write Out Runtime Data.
Sep  4 17:28:06 ahjicha-VirtualBox systemd[1]: Started Commit a transient machine-id on disk.
Sep  4 17:28:06 ahjicha-VirtualBox systemd[1]: Started Clean up any mess left by 0dns-up.
Sep  4 17:28:06 ahjicha-VirtualBox systemd[1]: Started Flush Journal to Persistent Storage.
Sep  4 17:28:06 ahjicha-VirtualBox systemd[1]: Started udev Coldplug all Devices.
Sep  4 17:28:06 ahjicha-VirtualBox apparmor[622]:  * Starting AppArmor profiles
Sep  4 17:28:06 ahjicha-VirtualBox systemd[1]: Starting Show Plymouth Boot Screen...
Sep  4 17:28:06 ahjicha-VirtualBox systemd[1]: Starting Create Volatile Files and Directories...
Sep  4 17:28:06 ahjicha-VirtualBox systemd[1]: Starting Nameserver information manager...
Sep  4 17:28:06 ahjicha-VirtualBox systemd-tmpfiles[763]: [/usr/lib/tmpfiles.d/var.conf:14] Duplicate line for path "/var/log", ignoring.
Sep  4 17:28:06 ahjicha-VirtualBox systemd[1]: Started Create Volatile Files and Directories.
Sep  4 17:28:06 ahjicha-VirtualBox systemd[1]: Started Nameserver information manager.
Sep  4 17:28:06 ahjicha-VirtualBox apparmor[622]: Skipping profile in /etc/apparmor.d/disable: usr.bin.firefox
Sep  4 17:28:06 ahjicha-VirtualBox systemd[1]: Starting Update UTMP about System Boot/Shutdown...
Sep  4 17:28:06 ahjicha-VirtualBox systemd[1]: Starting Network Time Synchronization...
Sep  4 17:28:06 ahjicha-VirtualBox apparmor[622]: Skipping profile in /etc/apparmor.d/disable: usr.sbin.rsyslogd
Sep  4 17:28:06 ahjicha-VirtualBox apparmor[622]:    ...done.
Sep  4 17:28:06 ahjicha-VirtualBox systemd[1]: Started Network Time Synchronization.
Sep  4 17:28:06 ahjicha-VirtualBox systemd[1]: Started LSB: AppArmor initialization.
Sep  4 17:28:06 ahjicha-VirtualBox systemd[1]: Started Show Plymouth Boot Screen.
Sep  4 17:28:06 ahjicha-VirtualBox systemd[1]: Started Update UTMP about System Boot/Shutdown.
Sep  4 17:28:06 ahjicha-VirtualBox systemd[1]: Started Forward Password Requests to Plymouth Directory Watch.
Sep  4 17:28:06 ahjicha-VirtualBox systemd[1]: Starting Raise network interfaces...
Sep  4 17:28:06 ahjicha-VirtualBox systemd[1]: Reached target System Time Synchronized.
Sep  4 17:28:06 ahjicha-VirtualBox systemd[1]: Started Raise network interfaces.
Sep  4 17:28:06 ahjicha-VirtualBox systemd[1]: Started Set console font and keymap.
Sep  4 17:28:06 ahjicha-VirtualBox systemd[1]: Created slice system-getty.slice.
Sep  4 17:28:06 ahjicha-VirtualBox mtp-probe: checking bus 2, device 2: "/sys/devices/pci0000:00/0000:00:06.0/usb2/2-1"
Sep  4 17:28:06 ahjicha-VirtualBox mtp-probe: bus: 2, device: 2 was not an MTP device
Sep  4 17:28:06 ahjicha-VirtualBox systemd-udevd[607]: Process '/lib/udev/hdparm' failed with exit code 5.
Sep  4 17:28:06 ahjicha-VirtualBox systemd[1]: Found device VBOX_HARDDISK 5.
Sep  4 17:28:06 ahjicha-VirtualBox systemd[1]: Activating swap /dev/disk/by-uuid/a0ac49e7-0014-4f38-a0f7-1078ed8e06c5...
Sep  4 17:28:06 ahjicha-VirtualBox systemd[1]: Activated swap /dev/disk/by-uuid/a0ac49e7-0014-4f38-a0f7-1078ed8e06c5.
Sep  4 17:28:06 ahjicha-VirtualBox systemd[1]: Reached target Swap.
Sep  4 17:28:06 ahjicha-VirtualBox systemd[1]: Reached target System Initialization.
Sep  4 17:28:06 ahjicha-VirtualBox systemd[1]: Started CUPS Scheduler.
Sep  4 17:28:06 ahjicha-VirtualBox systemd[1]: apt-daily.timer: Adding 5h 41min 27.757820s random time.
Sep  4 17:28:06 ahjicha-VirtualBox systemd[1]: Started Daily apt activities.
Sep  4 17:28:06 ahjicha-VirtualBox systemd[1]: Listening on D-Bus System Message Bus Socket.
Sep  4 17:28:06 ahjicha-VirtualBox systemd[1]: Started Trigger resolvconf update for networkd DNS.
Sep  4 17:28:06 ahjicha-VirtualBox systemd[1]: Listening on CUPS Scheduler.
Sep  4 17:28:06 ahjicha-VirtualBox systemd[1]: Listening on UUID daemon activation socket.
Sep  4 17:28:06 ahjicha-VirtualBox systemd[1]: Started ACPI Events Check.
Sep  4 17:28:06 ahjicha-VirtualBox systemd[1]: Reached target Paths.
Sep  4 17:28:06 ahjicha-VirtualBox systemd[1]: snapd.refresh.timer: Adding 3h 39min 48.648971s random time.
Sep  4 17:28:06 ahjicha-VirtualBox systemd[1]: Started Timer to automatically refresh installed snaps.
Sep  4 17:28:06 ahjicha-VirtualBox systemd[1]: Listening on ACPID Listen Socket.
Sep  4 17:28:06 ahjicha-VirtualBox systemd[1]: Listening on Avahi mDNS/DNS-SD Stack Activation Socket.
Sep  4 17:28:06 ahjicha-VirtualBox systemd[1]: Started Daily Cleanup of Temporary Directories.
Sep  4 17:28:06 ahjicha-VirtualBox systemd[1]: Reached target Timers.
Sep  4 17:28:06 ahjicha-VirtualBox systemd[1]: Starting Socket activation for snappy daemon.
Sep  4 17:28:06 ahjicha-VirtualBox systemd[1]: Listening on Socket activation for snappy daemon.
Sep  4 17:28:06 ahjicha-VirtualBox systemd[1]: Reached target Sockets.
Sep  4 17:28:06 ahjicha-VirtualBox systemd[1]: Reached target Basic System.
Sep  4 17:28:06 ahjicha-VirtualBox systemd[1]: Starting LSB: Set the CPU Frequency Scaling governor to "ondemand"...
Sep  4 17:28:06 ahjicha-VirtualBox systemd[1]: Starting LSB: Record successful boot for GRUB...
Sep  4 17:28:06 ahjicha-VirtualBox systemd[1]: Starting System Logging Service...
Sep  4 17:28:06 ahjicha-VirtualBox systemd[1]: Starting Thermal Daemon Service...
Sep  4 17:28:06 ahjicha-VirtualBox systemd[1]: Started Regular background program processing daemon.
Sep  4 17:28:06 ahjicha-VirtualBox systemd[1]: Starting LSB: automatic crash report generation...
Sep  4 17:28:06 ahjicha-VirtualBox cron[1388]: (CRON) INFO (pidfile fd = 3)
Sep  4 17:28:06 ahjicha-VirtualBox systemd[1]: Starting Modem Manager...
Sep  4 17:28:06 ahjicha-VirtualBox cron[1388]: (CRON) INFO (Running @reboot jobs)
Sep  4 17:28:06 ahjicha-VirtualBox kernel: [    0.133693] Initializing cgroup subsys net_cls
Sep  4 17:28:06 ahjicha-VirtualBox kernel: [    0.133695] Initializing cgroup subsys perf_event
Sep  4 17:28:06 ahjicha-VirtualBox kernel: [    0.133696] Initializing cgroup subsys net_prio
Sep  4 17:28:06 ahjicha-VirtualBox kernel: [    0.133698] Initializing cgroup subsys hugetlb
Sep  4 17:28:06 ahjicha-VirtualBox kernel: [    0.133699] Initializing cgroup subsys pids
Sep  4 17:28:06 ahjicha-VirtualBox kernel: [    0.133783] CPU: Physical Processor ID: 0
Sep  4 17:28:06 ahjicha-VirtualBox kernel: [    0.136115] mce: CPU supports 0 MCE banks
Sep  4 17:28:06 ahjicha-VirtualBox kernel: [    0.136132] process: using mwait in idle threads
Sep  4 17:28:06 ahjicha-VirtualBox kernel: [    0.136141] Last level iTLB entries: 4KB 64, 2MB 8, 4MB 8
Sep  4 17:28:06 ahjicha-VirtualBox kernel: [    0.136142] Last level dTLB entries: 4KB 64, 2MB 0, 4MB 0, 1GB 4
Sep  4 17:28:06 ahjicha-VirtualBox kernel: [    0.153498] Freeing SMP alternatives memory: 28K (c1c73000 - c1c7a000)
Sep  4 17:28:06 ahjicha-VirtualBox kernel: [    0.161443] ftrace: allocating 31282 entries in 62 pages
Sep  4 17:28:06 ahjicha-VirtualBox kernel: [    0.201371] smpboot: Max logical packages: 1
Sep  4 17:28:06 ahjicha-VirtualBox kernel: [    0.201388] smpboot: weird, boot CPU (#0) not listed by the BIOS
Sep  4 17:28:06 ahjicha-VirtualBox kernel: [    0.201393] smpboot: SMP motherboard not detected
Sep  4 17:28:06 ahjicha-VirtualBox kernel: [    0.201394] smpboot: SMP disabled
Sep  4 17:28:06 ahjicha-VirtualBox kernel: [    0.201396] Enabling APIC mode:  Flat.  Using 0 I/O APICs
Sep  4 17:28:06 ahjicha-VirtualBox kernel: [    0.308880] Performance Events: unsupported p6 CPU model 158 no PMU driver, software events only.
Sep  4 17:28:06 ahjicha-VirtualBox kernel: [    0.308914] KVM setup paravirtual spinlock
Sep  4 17:28:06 ahjicha-VirtualBox kernel: [    0.309551] x86: Booted up 1 node, 1 CPUs
Sep  4 17:28:06 ahjicha-VirtualBox kernel: [    0.309553] smpboot: Total of 1 processors activated (5616.00 BogoMIPS)
Sep  4 17:28:06 ahjicha-VirtualBox kernel: [    0.309614] devtmpfs: initialized
Sep  4 17:28:06 ahjicha-VirtualBox kernel: [    0.309815] evm: security.selinux
Sep  4 17:28:06 ahjicha-VirtualBox kernel: [    0.309816] evm: security.SMACK64
Sep  4 17:28:06 ahjicha-VirtualBox kernel: [    0.309817] evm: security.SMACK64EXEC
Sep  4 17:28:06 ahjicha-VirtualBox kernel: [    0.309818] evm: security.SMACK64TRANSMUTE
Sep  4 17:28:06 ahjicha-VirtualBox kernel: [    0.309818] evm: security.SMACK64MMAP
Sep  4 17:28:06 ahjicha-VirtualBox kernel: [    0.309819] evm: security.ima
Sep  4 17:28:06 ahjicha-VirtualBox kernel: [    0.309820] evm: security.capability
Sep  4 17:28:06 ahjicha-VirtualBox kernel: [    0.309934] clocksource: jiffies: mask: 0xffffffff max_cycles: 0xffffffff, max_idle_ns: 7645041785100000 ns
Sep  4 17:28:06 ahjicha-VirtualBox kernel: [    0.309989] pinctrl core: initialized pinctrl subsystem
Sep  4 17:28:06 ahjicha-VirtualBox kernel: [    0.310075] RTC time: 21:28:00, date: 09/04/18
Sep  4 17:28:06 ahjicha-VirtualBox kernel: [    0.310180] NET: Registered protocol family 16
Sep  4 17:28:06 ahjicha-VirtualBox kernel: [    0.310325] EISA bus registered
Sep  4 17:28:06 ahjicha-VirtualBox kernel: [    0.310328] cpuidle: using governor ladder
Sep  4 17:28:06 ahjicha-VirtualBox kernel: [    0.310330] cpuidle: using governor menu
Sep  4 17:28:06 ahjicha-VirtualBox kernel: [    0.310332] PCCT header not found.
Sep  4 17:28:06 ahjicha-VirtualBox kernel: [    0.310405] ACPI: bus type PCI registered
Sep  4 17:28:06 ahjicha-VirtualBox kernel: [    0.310406] acpiphp: ACPI Hot Plug PCI Controller Driver version: 0.5
Sep  4 17:28:06 ahjicha-VirtualBox kernel: [    0.310552] PCI : PCI BIOS area is rw and x. Use pci=nobios if you want it NX.
Sep  4 17:28:06 ahjicha-VirtualBox kernel: [    0.310554] PCI: PCI BIOS revision 2.10 entry at 0xfda26, last bus=0
Sep  4 17:28:06 ahjicha-VirtualBox kernel: [    0.310555] PCI: Using configuration type 1 for base access
Sep  4 17:28:06 ahjicha-VirtualBox kernel: [    0.311569] ACPI: Added _OSI(Module Device)
Sep  4 17:28:06 ahjicha-VirtualBox kernel: [    0.311570] ACPI: Added _OSI(Processor Device)
Sep  4 17:28:06 ahjicha-VirtualBox kernel: [    0.311571] ACPI: Added _OSI(3.0 _SCP Extensions)
Sep  4 17:28:06 ahjicha-VirtualBox kernel: [    0.311572] ACPI: Added _OSI(Processor Aggregator Device)
Sep  4 17:28:06 ahjicha-VirtualBox kernel: [    0.312072] ACPI: Executed 1 blocks of module-level executable AML code
Sep  4 17:28:06 ahjicha-VirtualBox kernel: [    0.313566] ACPI: Interpreter enabled
Sep  4 17:28:06 ahjicha-VirtualBox kernel: [    0.313576] ACPI Exception: AE_NOT_FOUND, While evaluating Sleep State [\_S1_] (20150930/hwxface-580)
Sep  4 17:28:06 ahjicha-VirtualBox kernel: [    0.313578] ACPI Exception: AE_NOT_FOUND, While evaluating Sleep State [\_S2_] (20150930/hwxface-580)
Sep  4 17:28:06 ahjicha-VirtualBox kernel: [    0.313581] ACPI Exception: AE_NOT_FOUND, While evaluating Sleep State [\_S3_] (20150930/hwxface-580)
Sep  4 17:28:06 ahjicha-VirtualBox kernel: [    0.313583] ACPI Exception: AE_NOT_FOUND, While evaluating Sleep State [\_S4_] (20150930/hwxface-580)
Sep  4 17:28:06 ahjicha-VirtualBox kernel: [    0.313587] ACPI: (supports S0 S5)
Sep  4 17:28:06 ahjicha-VirtualBox kernel: [    0.313588] ACPI: Using PIC for interrupt routing
Sep  4 17:28:06 ahjicha-VirtualBox kernel: [    0.313700] PCI: Using host bridge windows from ACPI; if necessary, use "pci=nocrs" and report a bug
Sep  4 17:28:06 ahjicha-VirtualBox kernel: [    0.316519] ACPI: PCI Root Bridge [PCI0] (domain 0000 [bus 00-ff])
Sep  4 17:28:06 ahjicha-VirtualBox kernel: [    0.316523] acpi PNP0A03:00: _OSC: OS supports [ASPM ClockPM Segments MSI]
Sep  4 17:28:06 ahjicha-VirtualBox kernel: [    0.316535] acpi PNP0A03:00: _OSC: not requesting OS control; OS requires [ExtendedConfig ASPM ClockPM MSI]
Sep  4 17:28:06 ahjicha-VirtualBox kernel: [    0.316538] acpi PNP0A03:00: fail to add MMCONFIG information, can't access extended PCI configuration space under this bridge.
Sep  4 17:28:06 ahjicha-VirtualBox kernel: [    0.316755] PCI host bridge to bus 0000:00
Sep  4 17:28:06 ahjicha-VirtualBox kernel: [    0.316758] pci_bus 0000:00: root bus resource [io  0x0000-0x0cf7 window]
Sep  4 17:28:06 ahjicha-VirtualBox kernel: [    0.316759] pci_bus 0000:00: root bus resource [io  0x0d00-0xffff window]
Sep  4 17:28:06 ahjicha-VirtualBox kernel: [    0.316761] pci_bus 0000:00: root bus resource [mem 0x000a0000-0x000bffff window]
Sep  4 17:28:06 ahjicha-VirtualBox kernel: [    0.316762] pci_bus 0000:00: root bus resource [mem 0xe0000000-0xfdffffff window]
Sep  4 17:28:06 ahjicha-VirtualBox kernel: [    0.316764] pci_bus 0000:00: root bus resource [bus 00-ff]
Sep  4 17:28:06 ahjicha-VirtualBox kernel: [    0.316797] pci 0000:00:00.0: [8086:1237] type 00 class 0x060000
Sep  4 17:28:06 ahjicha-VirtualBox kernel: [    0.317246] pci 0000:00:01.0: [8086:7000] type 00 class 0x060100
Sep  4 17:28:06 ahjicha-VirtualBox kernel: [    0.317778] pci 0000:00:01.1: [8086:7111] type 00 class 0x01018a
Sep  4 17:28:06 ahjicha-VirtualBox kernel: [    0.318116] pci 0000:00:01.1: reg 0x20: [io  0xd000-0xd00f]
Sep  4 17:28:06 ahjicha-VirtualBox kernel: [    0.318256] pci 0000:00:01.1: legacy IDE quirk: reg 0x10: [io  0x01f0-0x01f7]
Sep  4 17:28:06 ahjicha-VirtualBox kernel: [    0.318257] pci 0000:00:01.1: legacy IDE quirk: reg 0x14: [io  0x03f6]
Sep  4 17:28:06 ahjicha-VirtualBox kernel: [    0.318258] pci 0000:00:01.1: legacy IDE quirk: reg 0x18: [io  0x0170-0x0177]
Sep  4 17:28:06 ahjicha-VirtualBox kernel: [    0.318260] pci 0000:00:01.1: legacy IDE quirk: reg 0x1c: [io  0x0376]
Sep  4 17:28:06 ahjicha-VirtualBox kernel: [    0.318420] pci 0000:00:02.0: [80ee:beef] type 00 class 0x030000
Sep  4 17:28:06 ahjicha-VirtualBox kernel: [    0.320068] pci 0000:00:02.0: reg 0x10: [mem 0xe0000000-0xe0ffffff pref]
Sep  4 17:28:06 ahjicha-VirtualBox kernel: [    0.329686] pci 0000:00:03.0: [8086:100e] type 00 class 0x020000
Sep  4 17:28:06 ahjicha-VirtualBox kernel: [    0.331068] pci 0000:00:03.0: reg 0x10: [mem 0xf0000000-0xf001ffff]
Sep  4 17:28:06 ahjicha-VirtualBox kernel: [    0.333628] pci 0000:00:03.0: reg 0x18: [io  0xd010-0xd017]
Sep  4 17:28:06 ahjicha-VirtualBox kernel: [    0.338926] pci 0000:00:04.0: [80ee:cafe] type 00 class 0x088000
Sep  4 17:28:06 ahjicha-VirtualBox kernel: [    0.340210] pci 0000:00:04.0: reg 0x10: [io  0xd020-0xd03f]
Sep  4 17:28:06 ahjicha-VirtualBox kernel: [    0.341469] pci 0000:00:04.0: reg 0x14: [mem 0xf0400000-0xf07fffff]
Sep  4 17:28:06 ahjicha-VirtualBox kernel: [    0.342703] pci 0000:00:04.0: reg 0x18: [mem 0xf0800000-0xf0803fff pref]
Sep  4 17:28:06 ahjicha-VirtualBox kernel: [    0.347810] pci 0000:00:05.0: [8086:2415] type 00 class 0x040100
Sep  4 17:28:06 ahjicha-VirtualBox kernel: [    0.347906] pci 0000:00:05.0: reg 0x10: [io  0xd100-0xd1ff]
Sep  4 17:28:06 ahjicha-VirtualBox kernel: [    0.347965] pci 0000:00:05.0: reg 0x14: [io  0xd200-0xd23f]
Sep  4 17:28:06 ahjicha-VirtualBox kernel: [    0.348458] pci 0000:00:06.0: [106b:003f] type 00 class 0x0c0310
Sep  4 17:28:06 ahjicha-VirtualBox kernel: [    0.349889] pci 0000:00:06.0: reg 0x10: [mem 0xf0804000-0xf0804fff]
Sep  4 17:28:06 ahjicha-VirtualBox kernel: [    0.357695] pci 0000:00:07.0: [8086:7113] type 00 class 0x068000
Sep  4 17:28:06 ahjicha-VirtualBox kernel: [    0.358010] pci 0000:00:07.0: quirk: [io  0x4000-0x403f] claimed by PIIX4 ACPI
Sep  4 17:28:06 ahjicha-VirtualBox kernel: [    0.358019] pci 0000:00:07.0: quirk: [io  0x4100-0x410f] claimed by PIIX4 SMB
Sep  4 17:28:06 ahjicha-VirtualBox kernel: [    0.358241] pci 0000:00:0b.0: [8086:265c] type 00 class 0x0c0320
Sep  4 17:28:06 ahjicha-VirtualBox kernel: [    0.359520] pci 0000:00:0b.0: reg 0x10: [mem 0xf0805000-0xf0805fff]
Sep  4 17:28:06 ahjicha-VirtualBox kernel: [    0.367073] pci 0000:00:0d.0: [8086:2829] type 00 class 0x010601
Sep  4 17:28:06 ahjicha-VirtualBox kernel: [    0.368514] pci 0000:00:0d.0: reg 0x10: [io  0xd240-0xd247]
Sep  4 17:28:06 ahjicha-VirtualBox kernel: [    0.369799] pci 0000:00:0d.0: reg 0x14: [io  0xd248-0xd24b]
Sep  4 17:28:06 ahjicha-VirtualBox kernel: [    0.371035] pci 0000:00:0d.0: reg 0x18: [io  0xd250-0xd257]
Sep  4 17:28:06 ahjicha-VirtualBox kernel: [    0.372250] pci 0000:00:0d.0: reg 0x1c: [io  0xd258-0xd25b]
Sep  4 17:28:06 ahjicha-VirtualBox kernel: [    0.373476] pci 0000:00:0d.0: reg 0x20: [io  0xd260-0xd26f]
Sep  4 17:28:06 ahjicha-VirtualBox kernel: [    0.374685] pci 0000:00:0d.0: reg 0x24: [mem 0xf0806000-0xf0807fff]
Sep  4 17:28:06 ahjicha-VirtualBox kernel: [    0.376200] pci_bus 0000:00: on NUMA node 0
Sep  4 17:28:06 ahjicha-VirtualBox kernel: [    0.376943] ACPI: PCI Interrupt Link [LNKA] (IRQs 5 9 10 *11)
Sep  4 17:28:06 ahjicha-VirtualBox kernel: [    0.377105] ACPI: PCI Interrupt Link [LNKB] (IRQs 5 9 *10 11)
Sep  4 17:28:06 ahjicha-VirtualBox kernel: [    0.377170] ACPI: PCI Interrupt Link [LNKC] (IRQs 5 *9 10 11)
Sep  4 17:28:06 ahjicha-VirtualBox kernel: [    0.377236] ACPI: PCI Interrupt Link [LNKD] (IRQs 5 9 10 *11)
Sep  4 17:28:06 ahjicha-VirtualBox kernel: [    0.377333] ACPI: Enabled 2 GPEs in block 00 to 07
Sep  4 17:28:06 ahjicha-VirtualBox kernel: [    0.377430] vgaarb: setting as boot device: PCI:0000:00:02.0
Sep  4 17:28:06 ahjicha-VirtualBox kernel: [    0.377432] vgaarb: device added: PCI:0000:00:02.0,decodes=io+mem,owns=io+mem,locks=none
Sep  4 17:28:06 ahjicha-VirtualBox kernel: [    0.377434] vgaarb: loaded
Sep  4 17:28:06 ahjicha-VirtualBox kernel: [    0.377435] vgaarb: bridge control possible 0000:00:02.0
Sep  4 17:28:06 ahjicha-VirtualBox kernel: [    0.377655] SCSI subsystem initialized
Sep  4 17:28:06 ahjicha-VirtualBox kernel: [    0.377683] libata version 3.00 loaded.
Sep  4 17:28:06 ahjicha-VirtualBox kernel: [    0.377700] ACPI: bus type USB registered
Sep  4 17:28:06 ahjicha-VirtualBox kernel: [    0.377712] usbcore: registered new interface driver usbfs
Sep  4 17:28:06 ahjicha-VirtualBox kernel: [    0.377719] usbcore: registered new interface driver hub
Sep  4 17:28:06 ahjicha-VirtualBox kernel: [    0.377725] usbcore: registered new device driver usb
Sep  4 17:28:06 ahjicha-VirtualBox kernel: [    0.377820] PCI: Using ACPI for IRQ routing
Sep  4 17:28:06 ahjicha-VirtualBox kernel: [    0.377821] PCI: pci_cache_line_size set to 64 bytes
Sep  4 17:28:06 ahjicha-VirtualBox kernel: [    0.377988] e820: reserve RAM buffer [mem 0x0009fc00-0x0009ffff]
Sep  4 17:28:06 ahjicha-VirtualBox kernel: [    0.377989] e820: reserve RAM buffer [mem 0xdfff0000-0xdfffffff]
Sep  4 17:28:06 ahjicha-VirtualBox kernel: [    0.378072] NetLabel: Initializing
Sep  4 17:28:06 ahjicha-VirtualBox kernel: [    0.378072] NetLabel:  domain hash size = 128
Sep  4 17:28:06 ahjicha-VirtualBox kernel: [    0.378073] NetLabel:  protocols = UNLABELED CIPSOv4
Sep  4 17:28:06 ahjicha-VirtualBox kernel: [    0.378082] NetLabel:  unlabeled traffic allowed by default
Sep  4 17:28:06 ahjicha-VirtualBox kernel: [    0.378172] clocksource: Switched to clocksource kvm-clock
Sep  4 17:28:06 ahjicha-VirtualBox kernel: [    0.383621] AppArmor: AppArmor Filesystem Enabled
Sep  4 17:28:06 ahjicha-VirtualBox kernel: [    0.383663] pnp: PnP ACPI init
Sep  4 17:28:06 ahjicha-VirtualBox kernel: [    0.383705] pnp 00:00: Plug and Play ACPI device, IDs PNP0303 (active)
Sep  4 17:28:06 ahjicha-VirtualBox kernel: [    0.383756] pnp 00:01: Plug and Play ACPI device, IDs PNP0f03 (active)
Sep  4 17:28:06 ahjicha-VirtualBox kernel: [    0.384202] pnp: PnP ACPI: found 2 devices
Sep  4 17:28:06 ahjicha-VirtualBox kernel: [    0.384207] PnPBIOS: Disabled by ACPI PNP
Sep  4 17:28:06 ahjicha-VirtualBox kernel: [    0.419760] clocksource: acpi_pm: mask: 0xffffff max_cycles: 0xffffff, max_idle_ns: 2085701024 ns
Sep  4 17:28:06 ahjicha-VirtualBox kernel: [    0.419771] pci_bus 0000:00: resource 4 [io  0x0000-0x0cf7 window]
Sep  4 17:28:06 ahjicha-VirtualBox kernel: [    0.419773] pci_bus 0000:00: resource 5 [io  0x0d00-0xffff window]
Sep  4 17:28:06 ahjicha-VirtualBox kernel: [    0.419774] pci_bus 0000:00: resource 6 [mem 0x000a0000-0x000bffff window]
Sep  4 17:28:06 ahjicha-VirtualBox kernel: [    0.419776] pci_bus 0000:00: resource 7 [mem 0xe0000000-0xfdffffff window]
Sep  4 17:28:06 ahjicha-VirtualBox kernel: [    0.419798] NET: Registered protocol family 2
Sep  4 17:28:06 ahjicha-VirtualBox kernel: [    0.419909] TCP established hash table entries: 8192 (order: 3, 32768 bytes)
Sep  4 17:28:06 ahjicha-VirtualBox kernel: [    0.419917] TCP bind hash table entries: 8192 (order: 4, 65536 bytes)
Sep  4 17:28:06 ahjicha-VirtualBox kernel: [    0.419926] TCP: Hash tables configured (established 8192 bind 8192)
Sep  4 17:28:06 ahjicha-VirtualBox kernel: [    0.419934] UDP hash table entries: 512 (order: 2, 16384 bytes)
Sep  4 17:28:06 ahjicha-VirtualBox kernel: [    0.419937] UDP-Lite hash table entries: 512 (order: 2, 16384 bytes)
Sep  4 17:28:06 ahjicha-VirtualBox kernel: [    0.419957] NET: Registered protocol family 1
Sep  4 17:28:06 ahjicha-VirtualBox kernel: [    0.419967] pci 0000:00:00.0: Limiting direct PCI/PCI transfers
Sep  4 17:28:06 ahjicha-VirtualBox kernel: [    0.419992] pci 0000:00:01.0: Activating ISA DMA hang workarounds
Sep  4 17:28:06 ahjicha-VirtualBox kernel: [    0.420017] pci 0000:00:02.0: Video device with shadowed ROM
Sep  4 17:28:06 ahjicha-VirtualBox kernel: [    0.420571] ACPI: PCI Interrupt Link [LNKB] enabled at IRQ 10
Sep  4 17:28:06 ahjicha-VirtualBox kernel: [    0.420573] PCI: setting IRQ 10 as level-triggered
Sep  4 17:28:06 ahjicha-VirtualBox kernel: [    0.421713] ACPI: PCI Interrupt Link [LNKC] enabled at IRQ 9
Sep  4 17:28:06 ahjicha-VirtualBox kernel: [    0.421715] PCI: setting IRQ 9 as level-triggered
Sep  4 17:28:06 ahjicha-VirtualBox kernel: [    0.422088] PCI: CLS 0 bytes, default 64
Sep  4 17:28:06 ahjicha-VirtualBox kernel: [    0.422128] Trying to unpack rootfs image as initramfs...
Sep  4 17:28:06 ahjicha-VirtualBox kernel: [    0.921492] Freeing initrd memory: 34336K (f3ce0000 - f5e68000)
Sep  4 17:28:06 ahjicha-VirtualBox kernel: [    0.921614] platform rtc_cmos: registered platform RTC device (no PNP device found)
Sep  4 17:28:06 ahjicha-VirtualBox kernel: [    0.921639] Scanning for low memory corruption every 60 seconds
Sep  4 17:28:06 ahjicha-VirtualBox kernel: [    0.921847] futex hash table entries: 256 (order: 2, 16384 bytes)
Sep  4 17:28:06 ahjicha-VirtualBox kernel: [    0.921864] audit: initializing netlink subsys (disabled)
Sep  4 17:28:06 ahjicha-VirtualBox kernel: [    0.921875] audit: type=2000 audit(1536097086.295:1): initialized
Sep  4 17:28:06 ahjicha-VirtualBox kernel: [    0.922124] Initialise system trusted keyring
Sep  4 17:28:06 ahjicha-VirtualBox kernel: [    0.922187] HugeTLB registered 2 MB page size, pre-allocated 0 pages
Sep  4 17:28:06 ahjicha-VirtualBox kernel: [    0.923227] zbud: loaded
Sep  4 17:28:06 ahjicha-VirtualBox kernel: [    0.923303] VFS: Disk quotas dquot_6.6.0
Sep  4 17:28:06 ahjicha-VirtualBox kernel: [    0.923327] VFS: Dquot-cache hash table entries: 1024 (order 0, 4096 bytes)
Sep  4 17:28:06 ahjicha-VirtualBox kernel: [    0.923485] squashfs: version 4.0 (2009/01/31) Phillip Lougher
Sep  4 17:28:06 ahjicha-VirtualBox kernel: [    0.923632] fuse init (API version 7.23)
Sep  4 17:28:06 ahjicha-VirtualBox kernel: [    0.923728] Key type big_key registered
Sep  4 17:28:06 ahjicha-VirtualBox kernel: [    0.923747] Allocating IMA MOK and blacklist keyrings.
Sep  4 17:28:06 ahjicha-VirtualBox kernel: [    0.923900] Key type asymmetric registered
Sep  4 17:28:06 ahjicha-VirtualBox kernel: [    0.923903] Asymmetric key parser 'x509' registered
Sep  4 17:28:06 ahjicha-VirtualBox kernel: [    0.923913] bounce: pool size: 64 pages
Sep  4 17:28:06 ahjicha-VirtualBox kernel: [    0.923935] Block layer SCSI generic (bsg) driver version 0.4 loaded (major 249)
Sep  4 17:28:06 ahjicha-VirtualBox kernel: [    0.923948] io scheduler noop registered
Sep  4 17:28:06 ahjicha-VirtualBox kernel: [    0.923950] io scheduler deadline registered (default)
Sep  4 17:28:06 ahjicha-VirtualBox kernel: [    0.923970] io scheduler cfq registered
Sep  4 17:28:06 ahjicha-VirtualBox kernel: [    0.924040] pci_hotplug: PCI Hot Plug PCI Core version: 0.5
Sep  4 17:28:06 ahjicha-VirtualBox kernel: [    0.924045] pciehp: PCI Express Hot Plug Controller Driver version: 0.4
Sep  4 17:28:06 ahjicha-VirtualBox kernel: [    0.924069] intel_idle: does not run on family 6 model 158
Sep  4 17:28:06 ahjicha-VirtualBox kernel: [    0.924168] ACPI: AC Adapter [AC] (on-line)
Sep  4 17:28:06 ahjicha-VirtualBox kernel: [    0.924209] input: Power Button as /devices/LNXSYSTM:00/LNXPWRBN:00/input/input0
Sep  4 17:28:06 ahjicha-VirtualBox kernel: [    0.924212] ACPI: Power Button [PWRF]
Sep  4 17:28:06 ahjicha-VirtualBox kernel: [    0.924268] input: Sleep Button as /devices/LNXSYSTM:00/LNXSLPBN:00/input/input1
Sep  4 17:28:06 ahjicha-VirtualBox kernel: [    0.924270] ACPI: Sleep Button [SLPF]
Sep  4 17:28:06 ahjicha-VirtualBox kernel: [    0.924347] GHES: HEST is not enabled!
Sep  4 17:28:06 ahjicha-VirtualBox kernel: [    0.924871] ACPI: Battery Slot [BAT0] (battery present)
Sep  4 17:28:06 ahjicha-VirtualBox kernel: [    0.924890] isapnp: Scanning for PnP cards...
Sep  4 17:28:06 ahjicha-VirtualBox kernel: [    0.930427] Serial: 8250/16550 driver, 32 ports, IRQ sharing enabled
Sep  4 17:28:06 ahjicha-VirtualBox kernel: [    0.975413] Linux agpgart interface v0.103
Sep  4 17:28:06 ahjicha-VirtualBox kernel: [    0.976993] brd: module loaded
Sep  4 17:28:06 ahjicha-VirtualBox kernel: [    0.977597] loop: module loaded
Sep  4 17:28:06 ahjicha-VirtualBox kernel: [    0.977701] ata_piix 0000:00:01.1: version 2.13
Sep  4 17:28:06 ahjicha-VirtualBox kernel: [    0.977984] scsi host0: ata_piix
Sep  4 17:28:06 ahjicha-VirtualBox kernel: [    1.021634] scsi host1: ata_piix
Sep  4 17:28:06 ahjicha-VirtualBox kernel: [    1.021668] ata1: PATA max UDMA/33 cmd 0x1f0 ctl 0x3f6 bmdma 0xd000 irq 14
Sep  4 17:28:06 ahjicha-VirtualBox kernel: [    1.021669] ata2: PATA max UDMA/33 cmd 0x170 ctl 0x376 bmdma 0xd008 irq 15
Sep  4 17:28:06 ahjicha-VirtualBox kernel: [    1.021731] libphy: Fixed MDIO Bus: probed
Sep  4 17:28:06 ahjicha-VirtualBox kernel: [    1.021734] tun: Universal TUN/TAP device driver, 1.6
Sep  4 17:28:06 ahjicha-VirtualBox kernel: [    1.021735] tun: (C) 1999-2004 Max Krasnyansky <maxk@qualcomm.com>
Sep  4 17:28:06 ahjicha-VirtualBox kernel: [    1.022036] PPP generic driver version 2.4.2
Sep  4 17:28:06 ahjicha-VirtualBox kernel: [    1.022083] ehci_hcd: USB 2.0 'Enhanced' Host Controller (EHCI) Driver
Sep  4 17:28:06 ahjicha-VirtualBox kernel: [    1.022087] ehci-pci: EHCI PCI platform driver
Sep  4 17:28:06 ahjicha-VirtualBox kernel: [    1.022512] ehci-pci 0000:00:0b.0: EHCI Host Controller
Sep  4 17:28:06 ahjicha-VirtualBox kernel: [    1.022517] ehci-pci 0000:00:0b.0: new USB bus registered, assigned bus number 1
Sep  4 17:28:06 ahjicha-VirtualBox kernel: [    1.022646] ehci-pci 0000:00:0b.0: irq 9, io mem 0xf0805000
Sep  4 17:28:06 ahjicha-VirtualBox kernel: [    1.066494] ehci-pci 0000:00:0b.0: USB 2.0 started, EHCI 1.00
Sep  4 17:28:06 ahjicha-VirtualBox kernel: [    1.066533] usb usb1: New USB device found, idVendor=1d6b, idProduct=0002
Sep  4 17:28:06 ahjicha-VirtualBox kernel: [    1.066534] usb usb1: New USB device strings: Mfr=3, Product=2, SerialNumber=1
Sep  4 17:28:06 ahjicha-VirtualBox kernel: [    1.066536] usb usb1: Product: EHCI Host Controller
Sep  4 17:28:06 ahjicha-VirtualBox kernel: [    1.066537] usb usb1: Manufacturer: Linux 4.4.0-31-generic ehci_hcd
Sep  4 17:28:06 ahjicha-VirtualBox kernel: [    1.066538] usb usb1: SerialNumber: 0000:00:0b.0
Sep  4 17:28:06 ahjicha-VirtualBox kernel: [    1.066624] hub 1-0:1.0: USB hub found
Sep  4 17:28:06 ahjicha-VirtualBox kernel: [    1.066628] hub 1-0:1.0: 12 ports detected
Sep  4 17:28:06 ahjicha-VirtualBox kernel: [    1.066832] ehci-platform: EHCI generic platform driver
Sep  4 17:28:06 ahjicha-VirtualBox kernel: [    1.066840] ohci_hcd: USB 1.1 'Open' Host Controller (OHCI) Driver
Sep  4 17:28:06 ahjicha-VirtualBox kernel: [    1.066844] ohci-pci: OHCI PCI platform driver
Sep  4 17:28:06 ahjicha-VirtualBox kernel: [    1.067246] ohci-pci 0000:00:06.0: OHCI PCI host controller
Sep  4 17:28:06 ahjicha-VirtualBox kernel: [    1.067251] ohci-pci 0000:00:06.0: new USB bus registered, assigned bus number 2
Sep  4 17:28:06 ahjicha-VirtualBox kernel: [    1.067278] ohci-pci 0000:00:06.0: irq 10, io mem 0xf0804000
Sep  4 17:28:06 ahjicha-VirtualBox kernel: [    1.155712] usb usb2: New USB device found, idVendor=1d6b, idProduct=0001
Sep  4 17:28:06 ahjicha-VirtualBox kernel: [    1.155715] usb usb2: New USB device strings: Mfr=3, Product=2, SerialNumber=1
Sep  4 17:28:06 ahjicha-VirtualBox kernel: [    1.155716] usb usb2: Product: OHCI PCI host controller
Sep  4 17:28:06 ahjicha-VirtualBox kernel: [    1.155718] usb usb2: Manufacturer: Linux 4.4.0-31-generic ohci_hcd
Sep  4 17:28:06 ahjicha-VirtualBox kernel: [    1.155719] usb usb2: SerialNumber: 0000:00:06.0
Sep  4 17:28:06 ahjicha-VirtualBox kernel: [    1.155810] hub 2-0:1.0: USB hub found
Sep  4 17:28:06 ahjicha-VirtualBox kernel: [    1.155821] hub 2-0:1.0: 12 ports detected
Sep  4 17:28:06 ahjicha-VirtualBox kernel: [    1.156111] ohci-platform: OHCI generic platform driver
Sep  4 17:28:06 ahjicha-VirtualBox kernel: [    1.156120] uhci_hcd: USB Universal Host Controller Interface driver
Sep  4 17:28:06 ahjicha-VirtualBox kernel: [    1.156164] i8042: PNP: PS/2 Controller [PNP0303:PS2K,PNP0f03:PS2M] at 0x60,0x64 irq 1,12
Sep  4 17:28:06 ahjicha-VirtualBox kernel: [    1.156508] serio: i8042 KBD port at 0x60,0x64 irq 1
Sep  4 17:28:06 ahjicha-VirtualBox kernel: [    1.156512] serio: i8042 AUX port at 0x60,0x64 irq 12
Sep  4 17:28:06 ahjicha-VirtualBox kernel: [    1.156595] mousedev: PS/2 mouse device common for all mice
Sep  4 17:28:06 ahjicha-VirtualBox systemd[1]: Started crash report submission daemon.
Sep  4 17:28:06 ahjicha-VirtualBox kernel: [    1.156848] input: AT Translated Set 2 keyboard as /devices/platform/i8042/serio0/input/input2
Sep  4 17:28:06 ahjicha-VirtualBox kernel: [    1.157154] rtc_cmos rtc_cmos: rtc core: registered rtc_cmos as rtc0
Sep  4 17:28:06 ahjicha-VirtualBox kernel: [    1.157175] rtc_cmos rtc_cmos: alarms up to one day, 114 bytes nvram
Sep  4 17:28:06 ahjicha-VirtualBox kernel: [    1.157180] i2c /dev entries driver
Sep  4 17:28:06 ahjicha-VirtualBox kernel: [    1.157217] device-mapper: uevent: version 1.0.3
Sep  4 17:28:06 ahjicha-VirtualBox kernel: [    1.157261] device-mapper: ioctl: 4.34.0-ioctl (2015-10-28) initialised: dm-devel@redhat.com
Sep  4 17:28:06 ahjicha-VirtualBox kernel: [    1.157276] platform eisa.0: Probing EISA bus 0
Sep  4 17:28:06 ahjicha-VirtualBox kernel: [    1.157278] platform eisa.0: EISA: Cannot allocate resource for mainboard
Sep  4 17:28:06 ahjicha-VirtualBox kernel: [    1.157279] platform eisa.0: Cannot allocate resource for EISA slot 1
Sep  4 17:28:06 ahjicha-VirtualBox kernel: [    1.157281] platform eisa.0: Cannot allocate resource for EISA slot 2
Sep  4 17:28:06 ahjicha-VirtualBox kernel: [    1.157282] platform eisa.0: Cannot allocate resource for EISA slot 3
Sep  4 17:28:06 ahjicha-VirtualBox kernel: [    1.157283] platform eisa.0: Cannot allocate resource for EISA slot 4
Sep  4 17:28:06 ahjicha-VirtualBox kernel: [    1.157284] platform eisa.0: Cannot allocate resource for EISA slot 5
Sep  4 17:28:06 ahjicha-VirtualBox kernel: [    1.157285] platform eisa.0: Cannot allocate resource for EISA slot 6
Sep  4 17:28:06 ahjicha-VirtualBox kernel: [    1.157286] platform eisa.0: Cannot allocate resource for EISA slot 7
Sep  4 17:28:06 ahjicha-VirtualBox kernel: [    1.157287] platform eisa.0: Cannot allocate resource for EISA slot 8
Sep  4 17:28:06 ahjicha-VirtualBox kernel: [    1.157289] platform eisa.0: EISA: Detected 0 cards
Sep  4 17:28:06 ahjicha-VirtualBox kernel: [    1.157301] cpufreq-nforce2: No nForce2 chipset.
Sep  4 17:28:06 ahjicha-VirtualBox kernel: [    1.157308] ledtrig-cpu: registered to indicate activity on CPUs
Sep  4 17:28:06 ahjicha-VirtualBox kernel: [    1.157501] NET: Registered protocol family 10
Sep  4 17:28:06 ahjicha-VirtualBox kernel: [    1.157645] NET: Registered protocol family 17
Sep  4 17:28:06 ahjicha-VirtualBox kernel: [    1.157656] Key type dns_resolver registered
Sep  4 17:28:06 ahjicha-VirtualBox kernel: [    1.157778] microcode: CPU0 sig=0x906e9, pf=0x2, revision=0x0
Sep  4 17:28:06 ahjicha-VirtualBox kernel: [    1.157798] microcode: Microcode Update Driver: v2.01 <tigran@aivazian.fsnet.co.uk>, Peter Oruba
Sep  4 17:28:06 ahjicha-VirtualBox kernel: [    1.157808] Using IPI No-Shortcut mode
Sep  4 17:28:06 ahjicha-VirtualBox kernel: [    1.157892] registered taskstats version 1
Sep  4 17:28:06 ahjicha-VirtualBox kernel: [    1.157909] Loading compiled-in X.509 certificates
Sep  4 17:28:06 ahjicha-VirtualBox kernel: [    1.159940] Loaded X.509 cert 'Build time autogenerated kernel key: cb6840fabcbd1bdef376e0ee9ee79560852e9a80'
Sep  4 17:28:06 ahjicha-VirtualBox kernel: [    1.159954] zswap: loaded using pool lzo/zbud
Sep  4 17:28:06 ahjicha-VirtualBox kernel: [    1.161207] Key type trusted registered
Sep  4 17:28:06 ahjicha-VirtualBox kernel: [    1.163374] Key type encrypted registered
Sep  4 17:28:06 ahjicha-VirtualBox kernel: [    1.163380] AppArmor: AppArmor sha1 policy hashing enabled
Sep  4 17:28:06 ahjicha-VirtualBox kernel: [    1.163383] ima: No TPM chip found, activating TPM-bypass!
Sep  4 17:28:06 ahjicha-VirtualBox kernel: [    1.163399] evm: HMAC attrs: 0x1
Sep  4 17:28:06 ahjicha-VirtualBox kernel: [    1.163640]   Magic number: 2:473:499
Sep  4 17:28:06 ahjicha-VirtualBox kernel: [    1.163698] rtc_cmos rtc_cmos: setting system clock to 2018-09-04 21:28:01 UTC (1536096481)
Sep  4 17:28:06 ahjicha-VirtualBox kernel: [    1.163741] BIOS EDD facility v0.16 2004-Jun-25, 0 devices found
Sep  4 17:28:06 ahjicha-VirtualBox kernel: [    1.163742] EDD information not available.
Sep  4 17:28:06 ahjicha-VirtualBox kernel: [    1.163777] PM: Hibernation image not present or could not be loaded.
Sep  4 17:28:06 ahjicha-VirtualBox kernel: [    1.208763] ata2.00: ATAPI: VBOX CD-ROM, 1.0, max UDMA/133
Sep  4 17:28:06 ahjicha-VirtualBox kernel: [    1.209097] ata2.00: configured for UDMA/33
Sep  4 17:28:06 ahjicha-VirtualBox kernel: [    1.297070] isapnp: No Plug & Play device found
Sep  4 17:28:06 ahjicha-VirtualBox kernel: [    1.297366] scsi 1:0:0:0: CD-ROM            VBOX     CD-ROM           1.0  PQ: 0 ANSI: 5
Sep  4 17:28:06 ahjicha-VirtualBox kernel: [    1.302712] sr 1:0:0:0: [sr0] scsi3-mmc drive: 32x/32x xa/form2 tray
Sep  4 17:28:06 ahjicha-VirtualBox kernel: [    1.302715] cdrom: Uniform CD-ROM driver Revision: 3.20
Sep  4 17:28:06 ahjicha-VirtualBox kernel: [    1.302804] sr 1:0:0:0: Attached scsi CD-ROM sr0
Sep  4 17:28:06 ahjicha-VirtualBox kernel: [    1.302840] sr 1:0:0:0: Attached scsi generic sg0 type 5
Sep  4 17:28:06 ahjicha-VirtualBox kernel: [    1.303086] Freeing unused kernel memory: 948K (c1b86000 - c1c73000)
Sep  4 17:28:06 ahjicha-VirtualBox kernel: [    1.303132] Write protecting the kernel text: 7892k
Sep  4 17:28:06 ahjicha-VirtualBox kernel: [    1.303152] Write protecting the kernel read-only data: 3136k
Sep  4 17:28:06 ahjicha-VirtualBox kernel: [    1.303153] NX-protecting the kernel data: 6444k
Sep  4 17:28:06 ahjicha-VirtualBox kernel: [    1.310552] random: udevadm urandom read with 0 bits of entropy available
Sep  4 17:28:06 ahjicha-VirtualBox kernel: [    1.363545] FUJITSU Extended Socket Network Device Driver - version 1.0 - Copyright (c) 2015 FUJITSU LIMITED
Sep  4 17:28:06 ahjicha-VirtualBox kernel: [    1.368083] ACPI: Video Device [GFX0] (multi-head: yes  rom: no  post: no)
Sep  4 17:28:06 ahjicha-VirtualBox kernel: [    1.368141] input: Video Bus as /devices/LNXSYSTM:00/LNXSYBUS:00/PNP0A03:00/LNXVIDEO:00/input/input4
Sep  4 17:28:06 ahjicha-VirtualBox kernel: [    1.403441] e1000: Intel(R) PRO/1000 Network Driver - version 7.3.21-k8-NAPI
Sep  4 17:28:06 ahjicha-VirtualBox kernel: [    1.403444] e1000: Copyright (c) 1999-2006 Intel Corporation.
Sep  4 17:28:06 ahjicha-VirtualBox kernel: [    1.602361] usb 2-1: new full-speed USB device number 2 using ohci-pci
Sep  4 17:28:06 ahjicha-VirtualBox kernel: [    1.659150] input: ImExPS/2 Generic Explorer Mouse as /devices/platform/i8042/serio1/input/input5
Sep  4 17:28:06 ahjicha-VirtualBox kernel: [    1.876446] usb 2-1: New USB device found, idVendor=80ee, idProduct=0021
Sep  4 17:28:06 ahjicha-VirtualBox kernel: [    1.876449] usb 2-1: New USB device strings: Mfr=1, Product=3, SerialNumber=0
Sep  4 17:28:06 ahjicha-VirtualBox kernel: [    1.876451] usb 2-1: Product: USB Tablet
Sep  4 17:28:06 ahjicha-VirtualBox kernel: [    1.876452] usb 2-1: Manufacturer: VirtualBox
Sep  4 17:28:06 ahjicha-VirtualBox kernel: [    1.901483] hidraw: raw HID events driver (C) Jiri Kosina
Sep  4 17:28:06 ahjicha-VirtualBox kernel: [    1.919045] tsc: Refined TSC clocksource calibration: 2806.953 MHz
Sep  4 17:28:06 ahjicha-VirtualBox kernel: [    1.919048] clocksource: tsc: mask: 0xffffffffffffffff max_cycles: 0x2875e8c7ca8, max_idle_ns: 440795248410 ns
Sep  4 17:28:06 ahjicha-VirtualBox kernel: [    1.921318] usbcore: registered new interface driver usbhid
Sep  4 17:28:06 ahjicha-VirtualBox kernel: [    1.921320] usbhid: USB HID core driver
Sep  4 17:28:06 ahjicha-VirtualBox kernel: [    1.930229] input: VirtualBox USB Tablet as /devices/pci0000:00/0000:00:06.0/usb2/2-1/2-1:1.0/0003:80EE:0021.0001/input/input6
Sep  4 17:28:06 ahjicha-VirtualBox kernel: [    1.930526] hid-generic 0003:80EE:0021.0001: input,hidraw0: USB HID v1.10 Mouse [VirtualBox USB Tablet] on usb-0000:00:06.0-1/input0
Sep  4 17:28:06 ahjicha-VirtualBox kernel: [    1.950599] e1000 0000:00:03.0 eth0: (PCI:33MHz:32-bit) 08:00:27:c0:5f:8e
Sep  4 17:28:06 ahjicha-VirtualBox kernel: [    1.950604] e1000 0000:00:03.0 eth0: Intel(R) PRO/1000 Network Connection
Sep  4 17:28:06 ahjicha-VirtualBox kernel: [    1.950623] ahci 0000:00:0d.0: version 3.0
Sep  4 17:28:06 ahjicha-VirtualBox kernel: [    1.951385] ACPI: PCI Interrupt Link [LNKA] enabled at IRQ 11
Sep  4 17:28:06 ahjicha-VirtualBox kernel: [    1.951387] PCI: setting IRQ 11 as level-triggered
Sep  4 17:28:06 ahjicha-VirtualBox kernel: [    1.951454] ahci 0000:00:0d.0: SSS flag set, parallel bus scan disabled
Sep  4 17:28:06 ahjicha-VirtualBox kernel: [    1.951581] ahci 0000:00:0d.0: AHCI 0001.0100 32 slots 1 ports 3 Gbps 0x1 impl SATA mode
Sep  4 17:28:06 ahjicha-VirtualBox kernel: [    1.951584] ahci 0000:00:0d.0: flags: 64bit ncq stag only ccc 
Sep  4 17:28:06 ahjicha-VirtualBox kernel: [    1.953410] e1000 0000:00:03.0 enp0s3: renamed from eth0
Sep  4 17:28:06 ahjicha-VirtualBox kernel: [    1.955705] scsi host2: ahci
Sep  4 17:28:06 ahjicha-VirtualBox kernel: [    1.955758] ata3: SATA max UDMA/133 abar m8192@0xf0806000 port 0xf0806100 irq 11
Sep  4 17:28:06 ahjicha-VirtualBox kernel: [    2.275384] ata3: SATA link up 3.0 Gbps (SStatus 123 SControl 300)
Sep  4 17:28:06 ahjicha-VirtualBox kernel: [    2.275558] ata3.00: ATA-6: VBOX HARDDISK, 1.0, max UDMA/133
Sep  4 17:28:06 ahjicha-VirtualBox kernel: [    2.275561] ata3.00: 52428800 sectors, multi 128: LBA48 NCQ (depth 31/32)
Sep  4 17:28:06 ahjicha-VirtualBox kernel: [    2.275871] ata3.00: configured for UDMA/133
Sep  4 17:28:06 ahjicha-VirtualBox kernel: [    2.275942] scsi 2:0:0:0: Direct-Access     ATA      VBOX HARDDISK    1.0  PQ: 0 ANSI: 5
Sep  4 17:28:06 ahjicha-VirtualBox kernel: [    2.276086] sd 2:0:0:0: [sda] 52428800 512-byte logical blocks: (26.8 GB/25.0 GiB)
Sep  4 17:28:06 ahjicha-VirtualBox kernel: [    2.276103] sd 2:0:0:0: [sda] Write Protect is off
Sep  4 17:28:06 ahjicha-VirtualBox kernel: [    2.276104] sd 2:0:0:0: [sda] Mode Sense: 00 3a 00 00
Sep  4 17:28:06 ahjicha-VirtualBox kernel: [    2.276112] sd 2:0:0:0: [sda] Write cache: enabled, read cache: enabled, doesn't support DPO or FUA
Sep  4 17:28:06 ahjicha-VirtualBox kernel: [    2.276226] sd 2:0:0:0: Attached scsi generic sg1 type 0
Sep  4 17:28:06 ahjicha-VirtualBox kernel: [    2.277229]  sda: sda1 sda2 < sda5 >
Sep  4 17:28:06 ahjicha-VirtualBox kernel: [    2.277398] sd 2:0:0:0: [sda] Attached SCSI disk
Sep  4 17:28:06 ahjicha-VirtualBox kernel: [    4.443246] floppy0: no floppy controllers found
Sep  4 17:28:06 ahjicha-VirtualBox kernel: [    4.443265] work still pending
Sep  4 17:28:06 ahjicha-VirtualBox kernel: [    4.478694] EXT4-fs (sda1): mounted filesystem with ordered data mode. Opts: (null)
Sep  4 17:28:06 ahjicha-VirtualBox kernel: [    4.761519] lp: driver loaded but no devices found
Sep  4 17:28:06 ahjicha-VirtualBox kernel: [    4.774789] ppdev: user-space parallel port driver
Sep  4 17:28:06 ahjicha-VirtualBox kernel: [    4.897902] EXT4-fs (sda1): re-mounted. Opts: errors=remount-ro
Sep  4 17:28:06 ahjicha-VirtualBox kernel: [    5.252844] audit: type=1400 audit(1536096485.584:2): apparmor="STATUS" operation="profile_load" profile="unconfined" name="/usr/lib/lightdm/lightdm-guest-session" pid=822 comm="apparmor_parser"
Sep  4 17:28:06 ahjicha-VirtualBox kernel: [    5.252849] audit: type=1400 audit(1536096485.584:3): apparmor="STATUS" operation="profile_load" profile="unconfined" name="/usr/lib/lightdm/lightdm-guest-session//chromium" pid=822 comm="apparmor_parser"
Sep  4 17:28:06 ahjicha-VirtualBox kernel: [    5.265566] audit: type=1400 audit(1536096485.600:4): apparmor="STATUS" operation="profile_load" profile="unconfined" name="/sbin/dhclient" pid=825 comm="apparmor_parser"
Sep  4 17:28:06 ahjicha-VirtualBox kernel: [    5.265570] audit: type=1400 audit(1536096485.600:5): apparmor="STATUS" operation="profile_load" profile="unconfined" name="/usr/lib/NetworkManager/nm-dhcp-client.action" pid=825 comm="apparmor_parser"
Sep  4 17:28:06 ahjicha-VirtualBox kernel: [    5.265573] audit: type=1400 audit(1536096485.600:6): apparmor="STATUS" operation="profile_load" profile="unconfined" name="/usr/lib/NetworkManager/nm-dhcp-helper" pid=825 comm="apparmor_parser"
Sep  4 17:28:06 ahjicha-VirtualBox kernel: [    5.265576] audit: type=1400 audit(1536096485.600:7): apparmor="STATUS" operation="profile_load" profile="unconfined" name="/usr/lib/connman/scripts/dhclient-script" pid=825 comm="apparmor_parser"
Sep  4 17:28:06 ahjicha-VirtualBox kernel: [    5.293603] audit: type=1400 audit(1536096485.624:8): apparmor="STATUS" operation="profile_load" profile="unconfined" name="/usr/bin/evince" pid=828 comm="apparmor_parser"
Sep  4 17:28:06 ahjicha-VirtualBox kernel: [    5.293609] audit: type=1400 audit(1536096485.624:9): apparmor="STATUS" operation="profile_load" profile="unconfined" name="/usr/bin/evince//sanitized_helper" pid=828 comm="apparmor_parser"
Sep  4 17:28:06 ahjicha-VirtualBox kernel: [    5.293612] audit: type=1400 audit(1536096485.624:10): apparmor="STATUS" operation="profile_load" profile="unconfined" name="/usr/bin/evince-previewer" pid=828 comm="apparmor_parser"
Sep  4 17:28:06 ahjicha-VirtualBox kernel: [    5.891647] ACPI: PCI Interrupt Link [LNKD] enabled at IRQ 11
Sep  4 17:28:06 ahjicha-VirtualBox kernel: [    5.894450] vgdrvHeartbeatInit: Setting up heartbeat to trigger every 2000 milliseconds
Sep  4 17:28:06 ahjicha-VirtualBox kernel: [    5.894517] input: Unspecified device as /devices/pci0000:00/0000:00:04.0/input/input7
Sep  4 17:28:06 ahjicha-VirtualBox kernel: [    5.894608] vboxguest: misc device minor 55, IRQ 11, I/O port d020, MMIO at 00000000f0400000 (size 0x400000)
Sep  4 17:28:06 ahjicha-VirtualBox kernel: [    5.894610] vboxguest: Successfully loaded version 5.0.18_Ubuntu (interface 0x00010004)
Sep  4 17:28:06 ahjicha-VirtualBox kernel: [    5.934560] [drm] Initialized drm 1.1.0 20060810
Sep  4 17:28:06 ahjicha-VirtualBox kernel: [    6.002044] piix4_smbus 0000:00:07.0: SMBus Host Controller at 0x4100, revision 0
Sep  4 17:28:06 ahjicha-VirtualBox kernel: [    6.023104] [drm] VRAM 01000000
Sep  4 17:28:06 ahjicha-VirtualBox kernel: [    6.027956] [TTM] Zone  kernel: Available graphics memory: 429128 kiB
Sep  4 17:28:06 ahjicha-VirtualBox kernel: [    6.027958] [TTM] Zone highmem: Available graphics memory: 2069548 kiB
Sep  4 17:28:06 ahjicha-VirtualBox kernel: [    6.027959] [TTM] Initializing pool allocator
Sep  4 17:28:06 ahjicha-VirtualBox kernel: [    6.027963] [TTM] Initializing DMA pool allocator
Sep  4 17:28:06 ahjicha-VirtualBox kernel: [    6.028163] fbcon: vboxdrmfb (fb0) is primary device
Sep  4 17:28:06 ahjicha-VirtualBox kernel: [    6.035487] random: nonblocking pool is initialized
Sep  4 17:28:06 ahjicha-VirtualBox kernel: [    6.070648] Console: switching to colour frame buffer device 100x37
Sep  4 17:28:06 ahjicha-VirtualBox kernel: [    6.071787] vboxvideo 0000:00:02.0: fb0: vboxdrmfb frame buffer device
Sep  4 17:28:06 ahjicha-VirtualBox kernel: [    6.071791] [drm] Initialized vboxvideo 1.0.0 20130823 for 0000:00:02.0 on minor 0
Sep  4 17:28:06 ahjicha-VirtualBox kernel: [    6.179070] snd_intel8x0 0000:00:05.0: disable (unknown or VT-d) VM optimization
Sep  4 17:28:06 ahjicha-VirtualBox kernel: [    6.214680] Adding 4192252k swap on /dev/sda5.  Priority:-1 extents:1 across:4192252k FS
Sep  4 17:28:06 ahjicha-VirtualBox systemd[1]: Started D-Bus System Message Bus.
Sep  4 17:28:06 ahjicha-VirtualBox ModemManager[1402]: <info>  ModemManager (version 1.4.12) starting in system bus...
Sep  4 17:28:06 ahjicha-VirtualBox dbus[1414]: [system] AppArmor D-Bus mediation is enabled
Sep  4 17:28:06 ahjicha-VirtualBox thermald[1380]: NO RAPL sysfs present
Sep  4 17:28:06 ahjicha-VirtualBox thermald[1380]: 22 CPUID levels; family:model:stepping 0x6:9e:9 (6:158:9)
Sep  4 17:28:06 ahjicha-VirtualBox thermald[1380]:  Need Linux PowerCap sysfs
Sep  4 17:28:06 ahjicha-VirtualBox systemd[1]: Started Thermal Daemon Service.
Sep  4 17:28:06 ahjicha-VirtualBox systemd[1]: Starting Network Manager...
Sep  4 17:28:06 ahjicha-VirtualBox systemd[1]: Starting Login Service...
Sep  4 17:28:06 ahjicha-VirtualBox systemd[1]: Starting Detect the available GPUs and deal with any system changes...
Sep  4 17:28:06 ahjicha-VirtualBox systemd[1]: Started CUPS Scheduler.
Sep  4 17:28:06 ahjicha-VirtualBox systemd[1]: Starting LSB: Speech Dispatcher...
Sep  4 17:28:06 ahjicha-VirtualBox dbus[1414]: [system] Activating via systemd: service name='org.freedesktop.PolicyKit1' unit='polkitd.service'
Sep  4 17:28:06 ahjicha-VirtualBox thermald[1380]: Unsupported cpu model, use thermal-conf.xml file or run with --ignore-cpuid-check
Sep  4 17:28:06 ahjicha-VirtualBox thermald[1380]: THD engine start failed
Sep  4 17:28:06 ahjicha-VirtualBox gpu-manager[1448]: /etc/modprobe.d is not a file
Sep  4 17:28:06 ahjicha-VirtualBox gpu-manager[1448]: /etc/modprobe.d is not a file
Sep  4 17:28:06 ahjicha-VirtualBox systemd[1]: Started ACPI event daemon.
Sep  4 17:28:06 ahjicha-VirtualBox gpu-manager[1448]: /etc/modprobe.d is not a file
Sep  4 17:28:06 ahjicha-VirtualBox systemd[1]: Starting LSB: daemon to balance interrupts for SMP systems...
Sep  4 17:28:06 ahjicha-VirtualBox systemd[1]: Starting Avahi mDNS/DNS-SD Stack...
Sep  4 17:28:06 ahjicha-VirtualBox systemd[1]: Starting Restore /etc/resolv.conf if the system crashed before the ppp link was shut down...
Sep  4 17:28:06 ahjicha-VirtualBox systemd[1]: Started Run anacron jobs.
Sep  4 17:28:06 ahjicha-VirtualBox gpu-manager[1448]: /etc/modprobe.d is not a file
Sep  4 17:28:06 ahjicha-VirtualBox avahi-daemon[1469]: Found user 'avahi' (UID 111) and group 'avahi' (GID 120).
Sep  4 17:28:06 ahjicha-VirtualBox avahi-daemon[1469]: Successfully dropped root privileges.
Sep  4 17:28:06 ahjicha-VirtualBox avahi-daemon[1469]: avahi-daemon 0.6.32-rc starting up.
Sep  4 17:28:06 ahjicha-VirtualBox anacron[1483]: Anacron 2.3 started on 2018-09-04
Sep  4 17:28:06 ahjicha-VirtualBox anacron[1483]: Will run job `cron.daily' in 5 min.
Sep  4 17:28:06 ahjicha-VirtualBox anacron[1483]: Will run job `cron.weekly' in 10 min.
Sep  4 17:28:06 ahjicha-VirtualBox anacron[1483]: Will run job `cron.monthly' in 15 min.
Sep  4 17:28:06 ahjicha-VirtualBox anacron[1483]: Jobs will be executed sequentially
Sep  4 17:28:06 ahjicha-VirtualBox avahi-daemon[1469]: Successfully called chroot().
Sep  4 17:28:06 ahjicha-VirtualBox avahi-daemon[1469]: Successfully dropped remaining capabilities.
Sep  4 17:28:06 ahjicha-VirtualBox avahi-daemon[1469]: No service file found in /etc/avahi/services.
Sep  4 17:28:06 ahjicha-VirtualBox avahi-daemon[1469]: Network interface enumeration completed.
Sep  4 17:28:06 ahjicha-VirtualBox avahi-daemon[1469]: Server startup complete. Host name is ahjicha-VirtualBox.local. Local service cookie is 217885029.
Sep  4 17:28:06 ahjicha-VirtualBox systemd[1]: Started Snappy daemon.
Sep  4 17:28:06 ahjicha-VirtualBox gpu-manager[1448]: /etc/modprobe.d is not a file
Sep  4 17:28:06 ahjicha-VirtualBox systemd[1]: Starting Accounts Service...
Sep  4 17:28:06 ahjicha-VirtualBox systemd[1]: Starting Permit User Sessions...
Sep  4 17:28:06 ahjicha-VirtualBox systemd[1]: Started System Logging Service.
Sep  4 17:28:06 ahjicha-VirtualBox gpu-manager[1448]: Error: can't open /lib/modules/4.4.0-31-generic/updates/dkms
Sep  4 17:28:06 ahjicha-VirtualBox gpu-manager[1448]: Error: can't open /lib/modules/4.4.0-31-generic/updates/dkms
Sep  4 17:28:06 ahjicha-VirtualBox acpid: starting up with netlink and the input layer
Sep  4 17:28:06 ahjicha-VirtualBox systemd[1]: Started Restore /etc/resolv.conf if the system crashed before the ppp link was shut down.
Sep  4 17:28:06 ahjicha-VirtualBox systemd[1]: Started Permit User Sessions.
Sep  4 17:28:06 ahjicha-VirtualBox acpid: 9 rules loaded
Sep  4 17:28:06 ahjicha-VirtualBox acpid: waiting for events: event logging is off
Sep  4 17:28:06 ahjicha-VirtualBox /usr/lib/snapd/snapd[1488]: daemon.go:213: DEBUG: adding /
Sep  4 17:28:06 ahjicha-VirtualBox /usr/lib/snapd/snapd[1488]: daemon.go:213: DEBUG: adding /v2/system-info
Sep  4 17:28:06 ahjicha-VirtualBox /usr/lib/snapd/snapd[1488]: daemon.go:213: DEBUG: adding /v2/login
Sep  4 17:28:06 ahjicha-VirtualBox /usr/lib/snapd/snapd[1488]: daemon.go:213: DEBUG: adding /v2/logout
Sep  4 17:28:06 ahjicha-VirtualBox /usr/lib/snapd/snapd[1488]: daemon.go:213: DEBUG: adding /v2/icons/{name}/icon
Sep  4 17:28:06 ahjicha-VirtualBox /usr/lib/snapd/snapd[1488]: daemon.go:213: DEBUG: adding /v2/find
Sep  4 17:28:06 ahjicha-VirtualBox /usr/lib/snapd/snapd[1488]: daemon.go:213: DEBUG: adding /v2/snaps
Sep  4 17:28:06 ahjicha-VirtualBox /usr/lib/snapd/snapd[1488]: daemon.go:213: DEBUG: adding /v2/snaps/{name}
Sep  4 17:28:06 ahjicha-VirtualBox /usr/lib/snapd/snapd[1488]: daemon.go:213: DEBUG: adding /v2/interfaces
Sep  4 17:28:06 ahjicha-VirtualBox /usr/lib/snapd/snapd[1488]: daemon.go:213: DEBUG: adding /v2/assertions
Sep  4 17:28:06 ahjicha-VirtualBox /usr/lib/snapd/snapd[1488]: daemon.go:213: DEBUG: adding /v2/assertions/{assertType}
Sep  4 17:28:06 ahjicha-VirtualBox /usr/lib/snapd/snapd[1488]: daemon.go:213: DEBUG: adding /v2/events
Sep  4 17:28:06 ahjicha-VirtualBox /usr/lib/snapd/snapd[1488]: daemon.go:213: DEBUG: adding /v2/changes/{id}
Sep  4 17:28:06 ahjicha-VirtualBox /usr/lib/snapd/snapd[1488]: daemon.go:213: DEBUG: adding /v2/changes
Sep  4 17:28:06 ahjicha-VirtualBox /usr/lib/snapd/snapd[1488]: daemon.go:213: DEBUG: adding /v2/create-user
Sep  4 17:28:06 ahjicha-VirtualBox /usr/lib/snapd/snapd[1488]: daemon.go:203: DEBUG: init done in 2.185544ms
Sep  4 17:28:06 ahjicha-VirtualBox NetworkManager[1446]: <info>  [1536096486.8520] NetworkManager (version 1.2.0) is starting...
Sep  4 17:28:06 ahjicha-VirtualBox gpu-manager[1448]: update-alternatives: error: no alternatives for i386-linux-gnu_gfxcore_conf
Sep  4 17:28:06 ahjicha-VirtualBox NetworkManager[1446]: <info>  [1536096486.8521] Read config: /etc/NetworkManager/NetworkManager.conf (etc: default-wifi-powersave-on.conf)
Sep  4 17:28:06 ahjicha-VirtualBox NetworkManager[1446]: <info>  [1536096486.8585] manager[0x9ad58e8]: monitoring kernel firmware directory '/lib/firmware'.
Sep  4 17:28:06 ahjicha-VirtualBox systemd[1]: Started Detect the available GPUs and deal with any system changes.
Sep  4 17:28:06 ahjicha-VirtualBox NetworkManager[1446]: <info>  [1536096486.8601] monitoring ifupdown state file '/run/network/ifstate'.
Sep  4 17:28:06 ahjicha-VirtualBox NetworkManager[1446]: <info>  [1536096486.8697] dns-mgr[0x9ae3c50]: set resolv-conf-mode: dnsmasq, plugin="dnsmasq"
Sep  4 17:28:06 ahjicha-VirtualBox NetworkManager[1446]: <info>  [1536096486.8699] dns-mgr[0x9ae3c50]: using resolv.conf manager 'resolvconf'
Sep  4 17:28:06 ahjicha-VirtualBox dbus[1414]: [system] Activating via systemd: service name='org.freedesktop.nm_dispatcher' unit='dbus-org.freedesktop.nm-dispatcher.service'
Sep  4 17:28:06 ahjicha-VirtualBox systemd[1]: Started LSB: Set the CPU Frequency Scaling governor to "ondemand".
Sep  4 17:28:06 ahjicha-VirtualBox systemd[1]: Started LSB: Record successful boot for GRUB.
Sep  4 17:28:07 ahjicha-VirtualBox apport[1400]:  * Starting automatic crash report generation: apport
Sep  4 17:28:07 ahjicha-VirtualBox apport[1400]:    ...done.
Sep  4 17:28:07 ahjicha-VirtualBox systemd[1]: Started LSB: automatic crash report generation.
Sep  4 17:28:07 ahjicha-VirtualBox speech-dispatcher[1450]:  * speech-dispatcher disabled; edit /etc/default/speech-dispatcher
Sep  4 17:28:07 ahjicha-VirtualBox systemd[1]: Started LSB: Speech Dispatcher.
Sep  4 17:28:07 ahjicha-VirtualBox irqbalance[1468]:  * Starting SMP IRQ Balancer: irqbalance
Sep  4 17:28:07 ahjicha-VirtualBox /usr/sbin/irqbalance: Balancing is ineffective on systems with a single cpu.  Shutting down
Sep  4 17:28:07 ahjicha-VirtualBox irqbalance[1468]:    ...done.
Sep  4 17:28:07 ahjicha-VirtualBox systemd[1]: Started LSB: daemon to balance interrupts for SMP systems.
Sep  4 17:28:07 ahjicha-VirtualBox whoopsie[1411]: [17:28:07] Using lock path: /var/lock/whoopsie/lock
Sep  4 17:28:07 ahjicha-VirtualBox systemd[1]: Started Avahi mDNS/DNS-SD Stack.
Sep  4 17:28:07 ahjicha-VirtualBox systemd[1]: Started Network Manager.
Sep  4 17:28:07 ahjicha-VirtualBox systemd[1]: Started Login Service.
Sep  4 17:28:07 ahjicha-VirtualBox systemd[1]: Starting Network Manager Script Dispatcher Service...
Sep  4 17:28:07 ahjicha-VirtualBox systemd[1]: Reached target Network.
Sep  4 17:28:07 ahjicha-VirtualBox systemd[1]: Starting /etc/rc.local Compatibility...
Sep  4 17:28:07 ahjicha-VirtualBox systemd[1]: Starting Authenticate and Authorize Users to Run Privileged Tasks...
Sep  4 17:28:07 ahjicha-VirtualBox systemd[1]: Started CUPS Scheduler.
Sep  4 17:28:07 ahjicha-VirtualBox systemd[1]: Started Make remote CUPS printers available locally.
Sep  4 17:28:07 ahjicha-VirtualBox systemd[1]: Starting Light Display Manager...
Sep  4 17:28:07 ahjicha-VirtualBox systemd[1]: Started /etc/rc.local Compatibility.
Sep  4 17:28:07 ahjicha-VirtualBox dbus[1414]: [system] Successfully activated service 'org.freedesktop.nm_dispatcher'
Sep  4 17:28:07 ahjicha-VirtualBox NetworkManager[1446]: <info>  [1536096487.3216] init!
Sep  4 17:28:07 ahjicha-VirtualBox NetworkManager[1446]: <info>  [1536096487.3218] management mode: unmanaged
Sep  4 17:28:07 ahjicha-VirtualBox NetworkManager[1446]: <info>  [1536096487.3221] devices added (path: /sys/devices/pci0000:00/0000:00:03.0/net/enp0s3, iface: enp0s3)
Sep  4 17:28:07 ahjicha-VirtualBox NetworkManager[1446]: <info>  [1536096487.3221] device added (path: /sys/devices/pci0000:00/0000:00:03.0/net/enp0s3, iface: enp0s3): no ifupdown configuration found.
Sep  4 17:28:07 ahjicha-VirtualBox NetworkManager[1446]: <info>  [1536096487.3221] devices added (path: /sys/devices/virtual/net/lo, iface: lo)
Sep  4 17:28:07 ahjicha-VirtualBox NetworkManager[1446]: <info>  [1536096487.3221] device added (path: /sys/devices/virtual/net/lo, iface: lo): no ifupdown configuration found.
Sep  4 17:28:07 ahjicha-VirtualBox NetworkManager[1446]: <info>  [1536096487.3221] end _init.
Sep  4 17:28:07 ahjicha-VirtualBox NetworkManager[1446]: <info>  [1536096487.3221] settings: loaded plugin ifupdown: (C) 2008 Canonical Ltd.  To report bugs please use the NetworkManager mailing list. (/usr/lib/i386-linux-gnu/NetworkManager/libnm-settings-plugin-ifupdown.so)
Sep  4 17:28:07 ahjicha-VirtualBox NetworkManager[1446]: <info>  [1536096487.3222] settings: loaded plugin keyfile: (c) 2007 - 2015 Red Hat, Inc.  To report bugs please use the NetworkManager mailing list.
Sep  4 17:28:07 ahjicha-VirtualBox NetworkManager[1446]: <info>  [1536096487.3249] SettingsPlugin-Ofono: init!
Sep  4 17:28:07 ahjicha-VirtualBox NetworkManager[1446]: <warn>  [1536096487.3249] SettingsPlugin-Ofono: file doesn't exist: /var/lib/ofono
Sep  4 17:28:07 ahjicha-VirtualBox NetworkManager[1446]: <info>  [1536096487.3249] SettingsPlugin-Ofono: end _init.
Sep  4 17:28:07 ahjicha-VirtualBox dbus[1414]: [system] Activating via systemd: service name='org.freedesktop.hostname1' unit='dbus-org.freedesktop.hostname1.service'
Sep  4 17:28:07 ahjicha-VirtualBox NetworkManager[1446]: <info>  [1536096487.3250] settings: loaded plugin ofono: (C) 2013-2016 Canonical Ltd.  To report bugs please use the NetworkManager mailing list. (/usr/lib/i386-linux-gnu/NetworkManager/libnm-settings-plugin-ofono.so)
Sep  4 17:28:07 ahjicha-VirtualBox NetworkManager[1446]: <info>  [1536096487.3250] (162502016) ... get_connections.
Sep  4 17:28:07 ahjicha-VirtualBox NetworkManager[1446]: <info>  [1536096487.3250] (162502016) ... get_connections (managed=false): return empty list.
Sep  4 17:28:07 ahjicha-VirtualBox NetworkManager[1446]: <info>  [1536096487.3256] SettingsPlugin-Ofono: (162539032) ... get_connections.
Sep  4 17:28:07 ahjicha-VirtualBox NetworkManager[1446]: <info>  [1536096487.3257] SettingsPlugin-Ofono: (162539032) connections count: 0
Sep  4 17:28:07 ahjicha-VirtualBox NetworkManager[1446]: <info>  [1536096487.3257] get unmanaged devices count: 0
Sep  4 17:28:07 ahjicha-VirtualBox systemd[1]: Started Network Manager Script Dispatcher Service.
Sep  4 17:28:07 ahjicha-VirtualBox polkitd[1571]: started daemon version 0.105 using authority implementation `local' version `0.105'
Sep  4 17:28:07 ahjicha-VirtualBox dbus[1414]: [system] Successfully activated service 'org.freedesktop.PolicyKit1'
Sep  4 17:28:07 ahjicha-VirtualBox accounts-daemon[1490]: started daemon version 0.6.40
Sep  4 17:28:07 ahjicha-VirtualBox systemd[1]: Started Authenticate and Authorize Users to Run Privileged Tasks.
Sep  4 17:28:07 ahjicha-VirtualBox systemd[1]: Received SIGRTMIN+21 from PID 774 (plymouthd).
Sep  4 17:28:07 ahjicha-VirtualBox systemd[1]: Started Accounts Service.
Sep  4 17:28:07 ahjicha-VirtualBox systemd[1]: Started Modem Manager.
Sep  4 17:28:07 ahjicha-VirtualBox systemd[1]: Started Light Display Manager.
Sep  4 17:28:07 ahjicha-VirtualBox systemd[1]: Starting Hostname Service...
Sep  4 17:28:07 ahjicha-VirtualBox systemd[1]: Starting Hold until boot process finishes up...
Sep  4 17:28:07 ahjicha-VirtualBox systemd[1]: Started Hold until boot process finishes up.
Sep  4 17:28:07 ahjicha-VirtualBox systemd[1]: Started Getty on tty1.
Sep  4 17:28:07 ahjicha-VirtualBox systemd[1]: Reached target Login Prompts.
Sep  4 17:28:07 ahjicha-VirtualBox systemd[1]: Reached target Multi-User System.
Sep  4 17:28:07 ahjicha-VirtualBox systemd[1]: Reached target Graphical Interface.
Sep  4 17:28:07 ahjicha-VirtualBox systemd[1]: Starting Update UTMP about System Runlevel Changes...
Sep  4 17:28:07 ahjicha-VirtualBox systemd[1]: Starting Set console scheme...
Sep  4 17:28:07 ahjicha-VirtualBox dbus[1414]: [system] Successfully activated service 'org.freedesktop.hostname1'
Sep  4 17:28:07 ahjicha-VirtualBox systemd[1]: Started Hostname Service.
Sep  4 17:28:07 ahjicha-VirtualBox NetworkManager[1446]: <info>  [1536096487.5092] settings: hostname: using hostnamed
Sep  4 17:28:07 ahjicha-VirtualBox NetworkManager[1446]: <info>  [1536096487.5092] settings: hostname changed from (none) to "ahjicha-VirtualBox"
Sep  4 17:28:07 ahjicha-VirtualBox NetworkManager[1446]: <info>  [1536096487.5094] Using DHCP client 'dhclient'
Sep  4 17:28:07 ahjicha-VirtualBox NetworkManager[1446]: <info>  [1536096487.5094] manager: WiFi enabled by radio killswitch; enabled by state file
Sep  4 17:28:07 ahjicha-VirtualBox NetworkManager[1446]: <info>  [1536096487.5094] manager: WWAN enabled by radio killswitch; enabled by state file
Sep  4 17:28:07 ahjicha-VirtualBox NetworkManager[1446]: <info>  [1536096487.5095] manager: Networking is enabled by state file
Sep  4 17:28:07 ahjicha-VirtualBox NetworkManager[1446]: <info>  [1536096487.5095] Loaded device plugin: NMVxlanFactory (internal)
Sep  4 17:28:07 ahjicha-VirtualBox NetworkManager[1446]: <info>  [1536096487.5095] Loaded device plugin: NMVlanFactory (internal)
Sep  4 17:28:07 ahjicha-VirtualBox NetworkManager[1446]: <info>  [1536096487.5095] Loaded device plugin: NMVethFactory (internal)
Sep  4 17:28:07 ahjicha-VirtualBox NetworkManager[1446]: <info>  [1536096487.5095] Loaded device plugin: NMTunFactory (internal)
Sep  4 17:28:07 ahjicha-VirtualBox NetworkManager[1446]: <info>  [1536096487.5096] Loaded device plugin: NMMacvlanFactory (internal)
Sep  4 17:28:07 ahjicha-VirtualBox NetworkManager[1446]: <info>  [1536096487.5096] Loaded device plugin: NMIPTunnelFactory (internal)
Sep  4 17:28:07 ahjicha-VirtualBox NetworkManager[1446]: <info>  [1536096487.5096] Loaded device plugin: NMInfinibandFactory (internal)
Sep  4 17:28:07 ahjicha-VirtualBox nm-dispatcher: req:1 'hostname': new request (1 scripts)
Sep  4 17:28:07 ahjicha-VirtualBox NetworkManager[1446]: <info>  [1536096487.5096] Loaded device plugin: NMEthernetFactory (internal)
Sep  4 17:28:07 ahjicha-VirtualBox nm-dispatcher: req:1 'hostname': start running ordered scripts...
Sep  4 17:28:07 ahjicha-VirtualBox NetworkManager[1446]: <info>  [1536096487.5096] Loaded device plugin: NMBridgeFactory (internal)
Sep  4 17:28:07 ahjicha-VirtualBox NetworkManager[1446]: <info>  [1536096487.5096] Loaded device plugin: NMBondFactory (internal)
Sep  4 17:28:07 ahjicha-VirtualBox NetworkManager[1446]: <info>  [1536096487.5180] Loaded device plugin: NMWwanFactory (/usr/lib/i386-linux-gnu/NetworkManager/libnm-device-plugin-wwan.so)
Sep  4 17:28:07 ahjicha-VirtualBox NetworkManager[1446]: <info>  [1536096487.5227] Loaded device plugin: NMWifiFactory (/usr/lib/i386-linux-gnu/NetworkManager/libnm-device-plugin-wifi.so)
Sep  4 17:28:07 ahjicha-VirtualBox systemd[1]: Started Set console scheme.
Sep  4 17:28:07 ahjicha-VirtualBox NetworkManager[1446]: <info>  [1536096487.5282] Loaded device plugin: NMBluezManager (/usr/lib/i386-linux-gnu/NetworkManager/libnm-device-plugin-bluetooth.so)
Sep  4 17:28:07 ahjicha-VirtualBox NetworkManager[1446]: <info>  [1536096487.5328] Loaded device plugin: NMAtmManager (/usr/lib/i386-linux-gnu/NetworkManager/libnm-device-plugin-adsl.so)
Sep  4 17:28:07 ahjicha-VirtualBox NetworkManager[1446]: nm_device_get_device_type: assertion 'NM_IS_DEVICE (self)' failed
Sep  4 17:28:07 ahjicha-VirtualBox NetworkManager[1446]: <info>  [1536096487.5343] device (lo): link connected
Sep  4 17:28:07 ahjicha-VirtualBox NetworkManager[1446]: <info>  [1536096487.5353] manager: (lo): new Generic device (/org/freedesktop/NetworkManager/Devices/0)
Sep  4 17:28:07 ahjicha-VirtualBox NetworkManager[1446]: <info>  [1536096487.5375] manager: (enp0s3): new Ethernet device (/org/freedesktop/NetworkManager/Devices/1)
Sep  4 17:28:07 ahjicha-VirtualBox NetworkManager[1446]: <info>  [1536096487.5443] keyfile: add connection in-memory (e259473d-4b26-407b-bf66-173acbb4167f,"Wired connection 1")
Sep  4 17:28:07 ahjicha-VirtualBox NetworkManager[1446]: <info>  [1536096487.5464] settings: (enp0s3): created default wired connection 'Wired connection 1'
Sep  4 17:28:07 ahjicha-VirtualBox NetworkManager[1446]: <info>  [1536096487.5512] device (enp0s3): state change: unmanaged -> unavailable (reason 'managed') [10 20 2]
Sep  4 17:28:07 ahjicha-VirtualBox kernel: [    7.217417] IPv6: ADDRCONF(NETDEV_UP): enp0s3: link is not ready
Sep  4 17:28:07 ahjicha-VirtualBox kernel: [    7.219736] e1000: enp0s3 NIC Link is Up 1000 Mbps Full Duplex, Flow Control: RX
Sep  4 17:28:07 ahjicha-VirtualBox kernel: [    7.220727] IPv6: ADDRCONF(NETDEV_UP): enp0s3: link is not ready
Sep  4 17:28:07 ahjicha-VirtualBox kernel: [    7.220736] IPv6: ADDRCONF(NETDEV_CHANGE): enp0s3: link becomes ready
Sep  4 17:28:07 ahjicha-VirtualBox NetworkManager[1446]: <info>  [1536096487.5589] device (enp0s3): link connected
Sep  4 17:28:07 ahjicha-VirtualBox systemd[1]: Started Update UTMP about System Runlevel Changes.
Sep  4 17:28:07 ahjicha-VirtualBox whoopsie[1411]: [17:28:07] Could not get the Network Manager state:
Sep  4 17:28:07 ahjicha-VirtualBox whoopsie[1411]: [17:28:07] GDBus.Error:org.freedesktop.DBus.Error.InvalidArgs: No such property 'state'
Sep  4 17:28:07 ahjicha-VirtualBox systemd[1]: Startup finished in 4.278s (kernel) + 2.688s (userspace) = 6.966s.
Sep  4 17:28:07 ahjicha-VirtualBox NetworkManager[1446]: <info>  [1536096487.5898] urfkill disappeared from the bus
Sep  4 17:28:07 ahjicha-VirtualBox NetworkManager[1446]: <info>  [1536096487.6046] ModemManager available in the bus
Sep  4 17:28:07 ahjicha-VirtualBox NetworkManager[1446]: <info>  [1536096487.6055] ofono is now available
Sep  4 17:28:07 ahjicha-VirtualBox NetworkManager[1446]: <warn>  [1536096487.6061] failed to enumerate oFono devices: GDBus.Error:org.freedesktop.DBus.Error.ServiceUnknown: The name org.ofono was not provided by any .service files
Sep  4 17:28:07 ahjicha-VirtualBox NetworkManager[1446]: <info>  [1536096487.6079] device (enp0s3): state change: unavailable -> disconnected (reason 'none') [20 30 0]
Sep  4 17:28:07 ahjicha-VirtualBox NetworkManager[1446]: <info>  [1536096487.6137] policy: auto-activating connection 'Wired connection 1'
Sep  4 17:28:07 ahjicha-VirtualBox NetworkManager[1446]: <info>  [1536096487.6185] device (enp0s3): Activation: starting connection 'Wired connection 1' (e259473d-4b26-407b-bf66-173acbb4167f)
Sep  4 17:28:07 ahjicha-VirtualBox NetworkManager[1446]: <info>  [1536096487.6197] device (enp0s3): state change: disconnected -> prepare (reason 'none') [30 40 0]
Sep  4 17:28:07 ahjicha-VirtualBox NetworkManager[1446]: <info>  [1536096487.6209] manager: NetworkManager state is now CONNECTING
Sep  4 17:28:07 ahjicha-VirtualBox whoopsie[1411]: [17:28:07] offline
Sep  4 17:28:07 ahjicha-VirtualBox NetworkManager[1446]: <info>  [1536096487.6247] device (enp0s3): state change: prepare -> config (reason 'none') [40 50 0]
Sep  4 17:28:07 ahjicha-VirtualBox NetworkManager[1446]: <info>  [1536096487.6269] device (enp0s3): state change: config -> ip-config (reason 'none') [50 70 0]
Sep  4 17:28:07 ahjicha-VirtualBox NetworkManager[1446]: <info>  [1536096487.6300] dhcp4 (enp0s3): activation: beginning transaction (timeout in 45 seconds)
Sep  4 17:28:07 ahjicha-VirtualBox systemd[1]: Listening on Load/Save RF Kill Switch Status /dev/rfkill Watch.
Sep  4 17:28:07 ahjicha-VirtualBox NetworkManager[1446]: <info>  [1536096487.6366] dhcp4 (enp0s3): dhclient started with pid 1684
Sep  4 17:28:07 ahjicha-VirtualBox dhclient[1684]: DHCPDISCOVER on enp0s3 to 255.255.255.255 port 67 interval 3 (xid=0x6e433e57)
Sep  4 17:28:07 ahjicha-VirtualBox dhclient[1684]: DHCPREQUEST of 10.0.2.15 on enp0s3 to 255.255.255.255 port 67 (xid=0x573e436e)
Sep  4 17:28:07 ahjicha-VirtualBox dhclient[1684]: DHCPOFFER of 10.0.2.15 from 10.0.2.2
Sep  4 17:28:07 ahjicha-VirtualBox dhclient[1684]: DHCPACK of 10.0.2.15 from 10.0.2.2
Sep  4 17:28:07 ahjicha-VirtualBox NetworkManager[1446]: <info>  [1536096487.6708]   address 10.0.2.15
Sep  4 17:28:07 ahjicha-VirtualBox NetworkManager[1446]: <info>  [1536096487.6711]   plen 24 (255.255.255.0)
Sep  4 17:28:07 ahjicha-VirtualBox NetworkManager[1446]: <info>  [1536096487.6713]   gateway 10.0.2.2
Sep  4 17:28:07 ahjicha-VirtualBox NetworkManager[1446]: <info>  [1536096487.6715]   server identifier 10.0.2.2
Sep  4 17:28:07 ahjicha-VirtualBox NetworkManager[1446]: <info>  [1536096487.6717]   lease time 86400
Sep  4 17:28:07 ahjicha-VirtualBox NetworkManager[1446]: <info>  [1536096487.6719]   nameserver '130.215.41.1'
Sep  4 17:28:07 ahjicha-VirtualBox NetworkManager[1446]: <info>  [1536096487.6723]   nameserver '130.215.41.2'
Sep  4 17:28:07 ahjicha-VirtualBox NetworkManager[1446]: <info>  [1536096487.6726]   nameserver '130.215.41.3'
Sep  4 17:28:07 ahjicha-VirtualBox NetworkManager[1446]: <info>  [1536096487.6729]   domain name 'dyn.wpi.edu'
Sep  4 17:28:07 ahjicha-VirtualBox NetworkManager[1446]: <info>  [1536096487.6731] dhcp4 (enp0s3): state changed unknown -> bound
Sep  4 17:28:07 ahjicha-VirtualBox avahi-daemon[1469]: Joining mDNS multicast group on interface enp0s3.IPv4 with address 10.0.2.15.
Sep  4 17:28:07 ahjicha-VirtualBox avahi-daemon[1469]: New relevant interface enp0s3.IPv4 for mDNS.
Sep  4 17:28:07 ahjicha-VirtualBox avahi-daemon[1469]: Registering new address record for 10.0.2.15 on enp0s3.IPv4.
Sep  4 17:28:07 ahjicha-VirtualBox NetworkManager[1446]: <info>  [1536096487.6781] device (enp0s3): state change: ip-config -> ip-check (reason 'none') [70 80 0]
Sep  4 17:28:07 ahjicha-VirtualBox NetworkManager[1446]: <info>  [1536096487.6814] device (enp0s3): state change: ip-check -> secondaries (reason 'none') [80 90 0]
Sep  4 17:28:07 ahjicha-VirtualBox NetworkManager[1446]: <info>  [1536096487.6858] device (enp0s3): state change: secondaries -> activated (reason 'none') [90 100 0]
Sep  4 17:28:07 ahjicha-VirtualBox NetworkManager[1446]: <info>  [1536096487.6868] manager: NetworkManager state is now CONNECTED_LOCAL
Sep  4 17:28:07 ahjicha-VirtualBox whoopsie[1411]: [17:28:07] Cannot reach: https://daisy.ubuntu.com
Sep  4 17:28:07 ahjicha-VirtualBox NetworkManager[1446]: <info>  [1536096487.6921] manager: NetworkManager state is now CONNECTED_GLOBAL
Sep  4 17:28:07 ahjicha-VirtualBox NetworkManager[1446]: <info>  [1536096487.6945] policy: set 'Wired connection 1' (enp0s3) as default for IPv4 routing and DNS
Sep  4 17:28:07 ahjicha-VirtualBox NetworkManager[1446]: <info>  [1536096487.6965] DNS: starting dnsmasq...
Sep  4 17:28:07 ahjicha-VirtualBox dhclient[1684]: bound to 10.0.2.15 -- renewal in 37133 seconds.
Sep  4 17:28:07 ahjicha-VirtualBox NetworkManager[1446]: <warn>  [1536096487.7058] dnsmasq[0x9ad67d0]: dnsmasq not found on the bus. The nameserver update will be sent when dnsmasq appears
Sep  4 17:28:07 ahjicha-VirtualBox NetworkManager[1446]: <info>  [1536096487.7058] dns-mgr: Writing DNS information to /sbin/resolvconf
Sep  4 17:28:07 ahjicha-VirtualBox dnsmasq[1719]: started, version 2.75 cache disabled
Sep  4 17:28:07 ahjicha-VirtualBox dnsmasq[1719]: compile time options: IPv6 GNU-getopt DBus i18n IDN DHCP DHCPv6 no-Lua TFTP conntrack ipset auth DNSSEC loop-detect inotify
Sep  4 17:28:07 ahjicha-VirtualBox dnsmasq[1719]: DBus support enabled: connected to system bus
Sep  4 17:28:07 ahjicha-VirtualBox dnsmasq[1719]: warning: no upstream servers configured
Sep  4 17:28:07 ahjicha-VirtualBox systemd[1]: Created slice User Slice of lightdm.
Sep  4 17:28:08 ahjicha-VirtualBox systemd[1]: Starting User Manager for UID 108...
Sep  4 17:28:08 ahjicha-VirtualBox systemd[1]: Started Session c1 of user lightdm.
Sep  4 17:28:08 ahjicha-VirtualBox systemd[1885]: Reached target Sockets.
Sep  4 17:28:08 ahjicha-VirtualBox systemd[1885]: Reached target Timers.
Sep  4 17:28:08 ahjicha-VirtualBox systemd[1885]: Reached target Paths.
Sep  4 17:28:08 ahjicha-VirtualBox systemd[1885]: Reached target Basic System.
Sep  4 17:28:08 ahjicha-VirtualBox systemd[1885]: Reached target Default.
Sep  4 17:28:08 ahjicha-VirtualBox systemd[1885]: Startup finished in 52ms.
Sep  4 17:28:08 ahjicha-VirtualBox systemd[1]: Started User Manager for UID 108.
Sep  4 17:28:08 ahjicha-VirtualBox NetworkManager[1446]: <info>  [1536096488.1061] device (enp0s3): Activation: successful, device activated.
Sep  4 17:28:08 ahjicha-VirtualBox nm-dispatcher: req:2 'up' [enp0s3]: new request (1 scripts)
Sep  4 17:28:08 ahjicha-VirtualBox nm-dispatcher: req:2 'up' [enp0s3]: start running ordered scripts...
Sep  4 17:28:08 ahjicha-VirtualBox NetworkManager[1446]: <info>  [1536096488.1116] devices added (path: /sys/devices/virtual/net/lo, iface: lo)
Sep  4 17:28:08 ahjicha-VirtualBox NetworkManager[1446]: <info>  [1536096488.1123] device added (path: /sys/devices/virtual/net/lo, iface: lo): no ifupdown configuration found.
Sep  4 17:28:08 ahjicha-VirtualBox whoopsie[1411]: [17:28:08] The default IPv4 route is: /org/freedesktop/NetworkManager/ActiveConnection/0
Sep  4 17:28:08 ahjicha-VirtualBox NetworkManager[1446]: <info>  [1536096488.1215] dnsmasq[0x9ad67d0]: dnsmasq appeared as :1.17
Sep  4 17:28:08 ahjicha-VirtualBox dnsmasq[1719]: setting upstream servers from DBus
Sep  4 17:28:08 ahjicha-VirtualBox dnsmasq[1719]: using nameserver 130.215.41.1#53
Sep  4 17:28:08 ahjicha-VirtualBox dnsmasq[1719]: using nameserver 130.215.41.2#53
Sep  4 17:28:08 ahjicha-VirtualBox dnsmasq[1719]: using nameserver 130.215.41.3#53
Sep  4 17:28:08 ahjicha-VirtualBox NetworkManager[1446]: <info>  [1536096488.1241] dns-mgr: Writing DNS information to /sbin/resolvconf
Sep  4 17:28:08 ahjicha-VirtualBox whoopsie[1411]: [17:28:08] Not a paid data plan: /org/freedesktop/NetworkManager/ActiveConnection/0
Sep  4 17:28:08 ahjicha-VirtualBox whoopsie[1411]: [17:28:08] Found usable connection: /org/freedesktop/NetworkManager/ActiveConnection/0
Sep  4 17:28:08 ahjicha-VirtualBox whoopsie[1411]: [17:28:08] online
Sep  4 17:28:08 ahjicha-VirtualBox org.a11y.atspi.Registry[2014]: SpiRegistry daemon is running with well-known name - org.a11y.atspi.Registry
Sep  4 17:28:09 ahjicha-VirtualBox dbus[1414]: [system] Activating via systemd: service name='org.bluez' unit='dbus-org.bluez.service'
Sep  4 17:28:09 ahjicha-VirtualBox dbus[1414]: [system] Activating via systemd: service name='org.freedesktop.RealtimeKit1' unit='rtkit-daemon.service'
Sep  4 17:28:09 ahjicha-VirtualBox systemd[1]: Starting RealtimeKit Scheduling Policy Service...
Sep  4 17:28:09 ahjicha-VirtualBox dbus[1414]: [system] Successfully activated service 'org.freedesktop.RealtimeKit1'
Sep  4 17:28:09 ahjicha-VirtualBox systemd[1]: Started RealtimeKit Scheduling Policy Service.
Sep  4 17:28:09 ahjicha-VirtualBox rtkit-daemon[2166]: Successfully called chroot.
Sep  4 17:28:09 ahjicha-VirtualBox rtkit-daemon[2166]: Successfully dropped privileges.
Sep  4 17:28:09 ahjicha-VirtualBox rtkit-daemon[2166]: Successfully limited resources.
Sep  4 17:28:09 ahjicha-VirtualBox rtkit-daemon[2166]: Running.
Sep  4 17:28:09 ahjicha-VirtualBox rtkit-daemon[2166]: Watchdog thread running.
Sep  4 17:28:09 ahjicha-VirtualBox rtkit-daemon[2166]: Canary thread running.
Sep  4 17:28:09 ahjicha-VirtualBox rtkit-daemon[2166]: Successfully made thread 2165 of process 2165 (n/a) owned by '108' high priority at nice level -11.
Sep  4 17:28:09 ahjicha-VirtualBox rtkit-daemon[2166]: Supervising 1 threads of 1 processes of 1 users.
Sep  4 17:28:09 ahjicha-VirtualBox pulseaudio[2165]: [pulseaudio] authkey.c: Failed to open cookie file '/var/lib/lightdm/.config/pulse/cookie': No such file or directory
Sep  4 17:28:09 ahjicha-VirtualBox pulseaudio[2165]: [pulseaudio] authkey.c: Failed to load authentication key '/var/lib/lightdm/.config/pulse/cookie': No such file or directory
Sep  4 17:28:09 ahjicha-VirtualBox pulseaudio[2165]: [pulseaudio] authkey.c: Failed to open cookie file '/var/lib/lightdm/.pulse-cookie': No such file or directory
Sep  4 17:28:09 ahjicha-VirtualBox pulseaudio[2165]: [pulseaudio] authkey.c: Failed to load authentication key '/var/lib/lightdm/.pulse-cookie': No such file or directory
Sep  4 17:28:09 ahjicha-VirtualBox avahi-daemon[1469]: Joining mDNS multicast group on interface enp0s3.IPv6 with address fe80::c433:94b1:2eb7:4a0.
Sep  4 17:28:09 ahjicha-VirtualBox avahi-daemon[1469]: New relevant interface enp0s3.IPv6 for mDNS.
Sep  4 17:28:09 ahjicha-VirtualBox avahi-daemon[1469]: Registering new address record for fe80::c433:94b1:2eb7:4a0 on enp0s3.*.
Sep  4 17:28:09 ahjicha-VirtualBox kernel: [    9.213429] floppy0: no floppy controllers found
Sep  4 17:28:09 ahjicha-VirtualBox ModemManager[1402]: <info>  Couldn't find support for device at '/sys/devices/pci0000:00/0000:00:03.0': not supported by any plugin
Sep  4 17:28:10 ahjicha-VirtualBox dbus[1414]: [system] Activating via systemd: service name='org.freedesktop.UPower' unit='upower.service'
Sep  4 17:28:10 ahjicha-VirtualBox systemd[1]: Starting Daemon for power management...
Sep  4 17:28:10 ahjicha-VirtualBox dbus[1414]: [system] Successfully activated service 'org.freedesktop.UPower'
Sep  4 17:28:10 ahjicha-VirtualBox systemd[1]: Started Daemon for power management.
Sep  4 17:28:10 ahjicha-VirtualBox dbus[1414]: [system] Activating via systemd: service name='org.freedesktop.ColorManager' unit='colord.service'
Sep  4 17:28:10 ahjicha-VirtualBox systemd[1]: Starting Manage, Install and Generate Color Profiles...
Sep  4 17:28:10 ahjicha-VirtualBox dbus[1414]: [system] Successfully activated service 'org.freedesktop.ColorManager'
Sep  4 17:28:10 ahjicha-VirtualBox systemd[1]: Started Manage, Install and Generate Color Profiles.
Sep  4 17:28:11 ahjicha-VirtualBox kernel: [   11.295981] snd_intel8x0 0000:00:05.0: white list rate for 1028:0177 is 48000
Sep  4 17:28:11 ahjicha-VirtualBox systemd[1]: Reached target Sound Card.
Sep  4 17:28:11 ahjicha-VirtualBox systemd-udevd[608]: Process '/usr/sbin/alsactl -E HOME=/run/alsa restore 0' failed with exit code 99.
Sep  4 17:28:11 ahjicha-VirtualBox pulseaudio[2165]: [pulseaudio] alsa-util.c: Disabling timer-based scheduling because running inside a VM.
Sep  4 17:28:11 ahjicha-VirtualBox pulseaudio[2165]: [pulseaudio] sink.c: Default and alternate sample rates are the same.
Sep  4 17:28:11 ahjicha-VirtualBox rtkit-daemon[2166]: Supervising 1 threads of 1 processes of 1 users.
Sep  4 17:28:11 ahjicha-VirtualBox rtkit-daemon[2166]: Successfully made thread 2226 of process 2165 (n/a) owned by '108' RT at priority 5.
Sep  4 17:28:11 ahjicha-VirtualBox rtkit-daemon[2166]: Supervising 2 threads of 1 processes of 1 users.
Sep  4 17:28:11 ahjicha-VirtualBox pulseaudio[2165]: [pulseaudio] alsa-util.c: Disabling timer-based scheduling because running inside a VM.
Sep  4 17:28:11 ahjicha-VirtualBox rtkit-daemon[2166]: Supervising 2 threads of 1 processes of 1 users.
Sep  4 17:28:11 ahjicha-VirtualBox rtkit-daemon[2166]: Successfully made thread 2227 of process 2165 (n/a) owned by '108' RT at priority 5.
Sep  4 17:28:11 ahjicha-VirtualBox rtkit-daemon[2166]: Supervising 3 threads of 1 processes of 1 users.
Sep  4 17:28:12 ahjicha-VirtualBox NetworkManager[1446]: <info>  [1536096492.6140] manager: startup complete
Sep  4 17:28:17 ahjicha-VirtualBox NetworkManager[1446]: <info>  [1536096497.6138] WiFi hardware radio set enabled
Sep  4 17:28:17 ahjicha-VirtualBox NetworkManager[1446]: <info>  [1536096497.6139] WWAN hardware radio set enabled
Sep  4 17:28:26 ahjicha-VirtualBox org.gtk.vfs.Daemon[1948]: A connection to the bus can't be made
Sep  4 17:28:26 ahjicha-VirtualBox systemd[1]: Created slice User Slice of ahjicha.
Sep  4 17:28:26 ahjicha-VirtualBox systemd[1]: Starting User Manager for UID 1000...
Sep  4 17:28:26 ahjicha-VirtualBox systemd[1]: Started Session c2 of user ahjicha.
Sep  4 17:28:26 ahjicha-VirtualBox systemd[2249]: Reached target Timers.
Sep  4 17:28:26 ahjicha-VirtualBox systemd[2249]: Reached target Paths.
Sep  4 17:28:26 ahjicha-VirtualBox systemd[2249]: Reached target Sockets.
Sep  4 17:28:26 ahjicha-VirtualBox systemd[2249]: Reached target Basic System.
Sep  4 17:28:26 ahjicha-VirtualBox systemd[2249]: Reached target Default.
Sep  4 17:28:26 ahjicha-VirtualBox systemd[2249]: Startup finished in 65ms.
Sep  4 17:28:26 ahjicha-VirtualBox systemd[1]: Started User Manager for UID 1000.
Sep  4 17:28:27 ahjicha-VirtualBox org.ayatana.bamf[2350]: bamfdaemon start/running, process 2407
Sep  4 17:28:27 ahjicha-VirtualBox org.a11y.Bus[2350]: ** (process:2440): WARNING **: Failed to register client: GDBus.Error:org.freedesktop.DBus.Error.ServiceUnknown: The name org.gnome.SessionManager was not provided by any .service files
Sep  4 17:28:27 ahjicha-VirtualBox org.a11y.Bus[2350]: Activating service name='org.a11y.atspi.Registry'
Sep  4 17:28:27 ahjicha-VirtualBox org.a11y.Bus[2350]: Successfully activated service 'org.a11y.atspi.Registry'
Sep  4 17:28:27 ahjicha-VirtualBox org.a11y.atspi.Registry[2449]: SpiRegistry daemon is running with well-known name - org.a11y.atspi.Registry
Sep  4 17:28:30 ahjicha-VirtualBox gnome-session[2559]: gnome-session-is-accelerated: llvmpipe detected.
Sep  4 17:28:30 ahjicha-VirtualBox rtkit-daemon[2166]: Successfully made thread 2652 of process 2652 (n/a) owned by '1000' high priority at nice level -11.
Sep  4 17:28:30 ahjicha-VirtualBox rtkit-daemon[2166]: Supervising 4 threads of 2 processes of 2 users.
Sep  4 17:28:31 ahjicha-VirtualBox pulseaudio[2652]: [pulseaudio] alsa-util.c: Disabling timer-based scheduling because running inside a VM.
Sep  4 17:28:31 ahjicha-VirtualBox pulseaudio[2652]: [pulseaudio] sink.c: Default and alternate sample rates are the same.
Sep  4 17:28:31 ahjicha-VirtualBox rtkit-daemon[2166]: Supervising 4 threads of 2 processes of 2 users.
Sep  4 17:28:31 ahjicha-VirtualBox rtkit-daemon[2166]: Successfully made thread 2673 of process 2652 (n/a) owned by '1000' RT at priority 5.
Sep  4 17:28:31 ahjicha-VirtualBox rtkit-daemon[2166]: Supervising 5 threads of 2 processes of 2 users.
Sep  4 17:28:31 ahjicha-VirtualBox pulseaudio[2652]: [pulseaudio] alsa-util.c: Disabling timer-based scheduling because running inside a VM.
Sep  4 17:28:31 ahjicha-VirtualBox rtkit-daemon[2166]: Supervising 5 threads of 2 processes of 2 users.
Sep  4 17:28:31 ahjicha-VirtualBox rtkit-daemon[2166]: Successfully made thread 2674 of process 2652 (n/a) owned by '1000' RT at priority 5.
Sep  4 17:28:31 ahjicha-VirtualBox rtkit-daemon[2166]: Supervising 6 threads of 2 processes of 2 users.
